104.23.221.146 - - [02/Oct/2025:08:45:05 +0000] "GET /wordpress/wp-admin/setup-config.php HTTP/1.1" 301 169 "-" "Mozilla/5.0 (Windows NT 10.0; Win64; x64) AppleWebKit/537.36 (KHTML, like Gecko) Chrome/140.0.0.0 Safari/537.36" "2a06:98c0:3600::103"
104.23.221.147 - - [02/Oct/2025:08:45:06 +0000] "GET /wordpress/wp-admin/setup-config.php HTTP/2.0" 200 3992 "-" "Mozilla/5.0 (Windows NT 10.0; Win64; x64) AppleWebKit/537.36 (KHTML, like Gecko) Chrome/140.0.0.0 Safari/537.36" "2a06:98c0:3600::103"
104.23.221.146 - - [02/Oct/2025:08:45:09 +0000] "GET /wp-admin/setup-config.php HTTP/1.1" 301 169 "-" "Mozilla/5.0 (Windows NT 10.0; Win64; x64) AppleWebKit/537.36 (KHTML, like Gecko) Chrome/140.0.0.0 Safari/537.36" "2a06:98c0:3600::103"
104.23.221.146 - - [02/Oct/2025:08:45:09 +0000] "GET /wp-admin/setup-config.php HTTP/2.0" 200 3992 "-" "Mozilla/5.0 (Windows NT 10.0; Win64; x64) AppleWebKit/537.36 (KHTML, like Gecko) Chrome/140.0.0.0 Safari/537.36" "2a06:98c0:3600::103"
64.62.156.108 - - [02/Oct/2025:08:45:16 +0000] "GET /geoserver/web/ HTTP/1.1" 301 169 "-" "Mozilla/5.0 (X11; Linux x86_64) AppleWebKit/537.36 (KHTML, like Gecko) Chrome/128.0.0.0 Safari/537.36" "-"
162.158.94.198 - - [02/Oct/2025:08:45:49 +0000] "GET /wordpress/wp-admin/setup-config.php HTTP/2.0" 200 3992 "-" "Mozilla/5.0 (Windows NT 10.0; Win64; x64) AppleWebKit/537.36 (KHTML, like Gecko) Chrome/140.0.0.0 Safari/537.36" "2a06:98c0:3600::103"
88.210.63.67 - - [02/Oct/2025:08:46:59 +0000] "GET / HTTP/1.1" 301 169 "-" "Linux Gnu (cow)" "-"
104.23.221.146 - - [02/Oct/2025:08:48:50 +0000] "GET /wp-admin/setup-config.php HTTP/2.0" 200 3992 "-" "Mozilla/5.0 (Windows NT 10.0; Win64; x64) AppleWebKit/537.36 (KHTML, like Gecko) Chrome/140.0.0.0 Safari/537.36" "2a06:98c0:3600::103"
104.23.221.147 - - [02/Oct/2025:08:49:00 +0000] "GET /wordpress/wp-admin/setup-config.php HTTP/1.1" 301 169 "-" "Mozilla/5.0 (Windows NT 10.0; Win64; x64) AppleWebKit/537.36 (KHTML, like Gecko) Chrome/140.0.0.0 Safari/537.36" "2a06:98c0:3600::103"
104.23.221.147 - - [02/Oct/2025:08:49:00 +0000] "GET /wordpress/wp-admin/setup-config.php HTTP/2.0" 200 3992 "-" "Mozilla/5.0 (Windows NT 10.0; Win64; x64) AppleWebKit/537.36 (KHTML, like Gecko) Chrome/140.0.0.0 Safari/537.36" "2a06:98c0:3600::103"
147.185.132.2 - - [02/Oct/2025:08:58:37 +0000] "GET / HTTP/1.1" 301 169 "-" "Hello from Palo Alto Networks, find out more about our scans in https://docs-cortex.paloaltonetworks.com/r/1/Cortex-Xpanse/Scanning-activity" "-"
147.185.132.2 - - [02/Oct/2025:08:58:37 +0000] "GET / HTTP/1.1" 200 4004 "http://45.135.59.210:80/" "Hello from Palo Alto Networks, find out more about our scans in https://docs-cortex.paloaltonetworks.com/r/1/Cortex-Xpanse/Scanning-activity" "-"
172.68.10.39 - - [02/Oct/2025:09:06:15 +0000] "GET /wordpress/wp-admin/setup-config.php HTTP/2.0" 200 3992 "-" "Mozilla/5.0 (Windows NT 10.0; Win64; x64) AppleWebKit/537.36 (KHTML, like Gecko) Chrome/140.0.0.0 Safari/537.36" "2a06:98c0:3600::103"
34.77.159.182 - - [02/Oct/2025:09:07:13 +0000] "GET / HTTP/1.1" 301 169 "-" "python-requests/2.32.5" "-"
104.23.221.147 - - [02/Oct/2025:09:07:15 +0000] "GET /wordpress/wp-admin/setup-config.php HTTP/1.1" 301 169 "-" "Mozilla/5.0 (Windows NT 10.0; Win64; x64) AppleWebKit/537.36 (KHTML, like Gecko) Chrome/140.0.0.0 Safari/537.36" "2a06:98c0:3600::103"
104.23.221.147 - - [02/Oct/2025:09:07:15 +0000] "GET /wordpress/wp-admin/setup-config.php HTTP/2.0" 200 3992 "-" "Mozilla/5.0 (Windows NT 10.0; Win64; x64) AppleWebKit/537.36 (KHTML, like Gecko) Chrome/140.0.0.0 Safari/537.36" "2a06:98c0:3600::103"
104.23.221.147 - - [02/Oct/2025:09:07:35 +0000] "GET /wp-admin/setup-config.php HTTP/2.0" 200 3992 "-" "Mozilla/5.0 (Windows NT 10.0; Win64; x64) AppleWebKit/537.36 (KHTML, like Gecko) Chrome/140.0.0.0 Safari/537.36" "2a06:98c0:3600::103"
172.70.246.249 - - [02/Oct/2025:09:08:58 +0000] "GET /wp-admin/setup-config.php HTTP/1.1" 301 169 "-" "Mozilla/5.0 (Windows NT 10.0; Win64; x64) AppleWebKit/537.36 (KHTML, like Gecko) Chrome/140.0.0.0 Safari/537.36" "2a06:98c0:3600::103"
172.70.246.248 - - [02/Oct/2025:09:08:59 +0000] "GET /wp-admin/setup-config.php HTTP/2.0" 200 3992 "-" "Mozilla/5.0 (Windows NT 10.0; Win64; x64) AppleWebKit/537.36 (KHTML, like Gecko) Chrome/140.0.0.0 Safari/537.36" "2a06:98c0:3600::103"
20.15.164.68 - - [02/Oct/2025:09:17:56 +0000] "SSH-2.0-Go" 400 157 "-" "-" "-"
20.15.164.68 - - [02/Oct/2025:09:17:57 +0000] "MGLNDD_45.135.59.210_443" 400 157 "-" "-" "-"
104.23.221.147 - - [02/Oct/2025:09:28:51 +0000] "GET /wordpress/wp-admin/setup-config.php HTTP/2.0" 200 3992 "-" "Mozilla/5.0 (Windows NT 10.0; Win64; x64) AppleWebKit/537.36 (KHTML, like Gecko) Chrome/140.0.0.0 Safari/537.36" "2a06:98c0:3600::103"
104.23.223.19 - - [02/Oct/2025:09:29:24 +0000] "GET /wp-admin/setup-config.php HTTP/1.1" 301 169 "-" "Mozilla/5.0 (Windows NT 10.0; Win64; x64) AppleWebKit/537.36 (KHTML, like Gecko) Chrome/140.0.0.0 Safari/537.36" "2a06:98c0:3600::103"
104.23.223.19 - - [02/Oct/2025:09:29:24 +0000] "GET /wp-admin/setup-config.php HTTP/2.0" 200 3992 "-" "Mozilla/5.0 (Windows NT 10.0; Win64; x64) AppleWebKit/537.36 (KHTML, like Gecko) Chrome/140.0.0.0 Safari/537.36" "2a06:98c0:3600::103"
104.23.223.18 - - [02/Oct/2025:09:29:57 +0000] "GET /wordpress/wp-admin/setup-config.php HTTP/1.1" 301 169 "-" "Mozilla/5.0 (Windows NT 10.0; Win64; x64) AppleWebKit/537.36 (KHTML, like Gecko) Chrome/140.0.0.0 Safari/537.36" "2a06:98c0:3600::103"
104.23.223.18 - - [02/Oct/2025:09:29:57 +0000] "GET /wordpress/wp-admin/setup-config.php HTTP/2.0" 200 3992 "-" "Mozilla/5.0 (Windows NT 10.0; Win64; x64) AppleWebKit/537.36 (KHTML, like Gecko) Chrome/140.0.0.0 Safari/537.36" "2a06:98c0:3600::103"
104.23.217.32 - - [02/Oct/2025:09:30:45 +0000] "GET /wp-admin/setup-config.php HTTP/2.0" 200 3992 "-" "Mozilla/5.0 (Windows NT 10.0; Win64; x64) AppleWebKit/537.36 (KHTML, like Gecko) Chrome/140.0.0.0 Safari/537.36" "2a06:98c0:3600::103"
216.180.246.194 - - [02/Oct/2025:09:30:58 +0000] "GET / HTTP/1.0" 301 169 "-" "'Mozilla/5.0 (compatible; GenomeCrawlerd/1.0; +https://www.nokia.com/genomecrawler)'" "-"
216.180.246.194 - - [02/Oct/2025:09:31:09 +0000] "\x16\x03\x01\x00\xEE\x01\x00\x00\xEA\x03\x03@\xB7\xB0\x1Bd\xA1\xBB\x1A!yD4@\xB7\xAF\xF1\x1F\x22\xB1;\xE05_\xB0\xC8[ \x90>x\xF5\xB3 c]\x98\xBF\xA4v8:`>]\xB4y\x12\x14Uj\x8E\x0C\xC0A_\xE6\xABd\xEF\xDC\x87\xCB9\x8E\x87\x00&\xCC\xA8\xCC\xA9\xC0/\xC00\xC0+\xC0,\xC0\x13\xC0\x09\xC0\x14\xC0" 400 157 "-" "-" "-"
216.180.246.194 - - [02/Oct/2025:09:32:32 +0000] "GET / HTTP/1.1" 301 169 "-" "'Mozilla/5.0 (compatible; GenomeCrawlerd/1.0; +https://www.nokia.com/genomecrawler)'" "-"
216.180.246.194 - - [02/Oct/2025:09:35:21 +0000] "GET /manage/account/login HTTP/1.1" 301 169 "-" "'Mozilla/5.0 (compatible; GenomeCrawlerd/1.0; +https://www.nokia.com/genomecrawler)'" "-"
216.180.246.194 - - [02/Oct/2025:09:36:36 +0000] "GET /admin/index.html HTTP/1.1" 301 169 "-" "'Mozilla/5.0 (compatible; GenomeCrawlerd/1.0; +https://www.nokia.com/genomecrawler)'" "-"
216.180.246.194 - - [02/Oct/2025:09:37:35 +0000] "GET /index.html HTTP/1.1" 301 169 "-" "'Mozilla/5.0 (compatible; GenomeCrawlerd/1.0; +https://www.nokia.com/genomecrawler)'" "-"
216.180.246.194 - - [02/Oct/2025:09:38:44 +0000] "GET /+CSCOE+/logon.html HTTP/1.1" 301 169 "-" "'Mozilla/5.0 (compatible; GenomeCrawlerd/1.0; +https://www.nokia.com/genomecrawler)'" "-"
37.60.141.156 - - [02/Oct/2025:09:39:46 +0000] "GET / HTTP/1.1" 301 169 "-" "Mozilla/5.0 (Windows NT 10.0; Win64; x64) AppleWebKit/537.36 (KHTML, like Gecko) Chrome/42.0.2311.135 Safari/537.36 Edge/12.246" "-"
216.180.246.194 - - [02/Oct/2025:09:39:49 +0000] "GET /cgi-bin/login.cgi HTTP/1.1" 301 169 "-" "'Mozilla/5.0 (compatible; GenomeCrawlerd/1.0; +https://www.nokia.com/genomecrawler)'" "-"
216.180.246.194 - - [02/Oct/2025:09:41:02 +0000] "GET /login.htm HTTP/1.1" 301 169 "-" "'Mozilla/5.0 (compatible; GenomeCrawlerd/1.0; +https://www.nokia.com/genomecrawler)'" "-"
216.180.246.194 - - [02/Oct/2025:09:41:59 +0000] "GET /login.html HTTP/1.1" 301 169 "-" "'Mozilla/5.0 (compatible; GenomeCrawlerd/1.0; +https://www.nokia.com/genomecrawler)'" "-"
216.180.246.194 - - [02/Oct/2025:09:43:01 +0000] "GET /login.jsp HTTP/1.1" 301 169 "-" "'Mozilla/5.0 (compatible; GenomeCrawlerd/1.0; +https://www.nokia.com/genomecrawler)'" "-"
216.180.246.194 - - [02/Oct/2025:09:44:11 +0000] "GET /login HTTP/1.1" 301 169 "-" "'Mozilla/5.0 (compatible; GenomeCrawlerd/1.0; +https://www.nokia.com/genomecrawler)'" "-"
216.180.246.194 - - [02/Oct/2025:09:45:14 +0000] "GET /doc/index.html HTTP/1.1" 301 169 "-" "'Mozilla/5.0 (compatible; GenomeCrawlerd/1.0; +https://www.nokia.com/genomecrawler)'" "-"
216.180.246.194 - - [02/Oct/2025:09:46:22 +0000] "GET /remote/login HTTP/1.1" 301 169 "-" "'Mozilla/5.0 (compatible; GenomeCrawlerd/1.0; +https://www.nokia.com/genomecrawler)'" "-"
176.97.210.9 - - [02/Oct/2025:09:46:39 +0000] "CONNECT httpbin.org:443 HTTP/1.1" 400 157 "-" "-" "-"
216.180.246.194 - - [02/Oct/2025:09:47:31 +0000] "GET //admin/login.asp HTTP/1.1" 301 169 "-" "'Mozilla/5.0 (compatible; GenomeCrawlerd/1.0; +https://www.nokia.com/genomecrawler)'" "-"
216.180.246.194 - - [02/Oct/2025:09:48:45 +0000] "GET /web/ HTTP/1.1" 301 169 "-" "'Mozilla/5.0 (compatible; GenomeCrawlerd/1.0; +https://www.nokia.com/genomecrawler)'" "-"
104.23.221.146 - - [02/Oct/2025:09:49:45 +0000] "GET /wp-admin/setup-config.php HTTP/1.1" 301 169 "-" "Mozilla/5.0 (Windows NT 10.0; Win64; x64) AppleWebKit/537.36 (KHTML, like Gecko) Chrome/140.0.0.0 Safari/537.36" "2a06:98c0:3600::103"
104.23.221.146 - - [02/Oct/2025:09:49:45 +0000] "GET /wp-admin/setup-config.php HTTP/2.0" 200 3992 "-" "Mozilla/5.0 (Windows NT 10.0; Win64; x64) AppleWebKit/537.36 (KHTML, like Gecko) Chrome/140.0.0.0 Safari/537.36" "2a06:98c0:3600::103"
216.180.246.194 - - [02/Oct/2025:09:49:53 +0000] "GET //webpages/login.html HTTP/1.1" 301 169 "-" "'Mozilla/5.0 (compatible; GenomeCrawlerd/1.0; +https://www.nokia.com/genomecrawler)'" "-"
104.23.221.147 - - [02/Oct/2025:09:50:04 +0000] "GET /wordpress/wp-admin/setup-config.php HTTP/1.1" 301 169 "-" "Mozilla/5.0 (Windows NT 10.0; Win64; x64) AppleWebKit/537.36 (KHTML, like Gecko) Chrome/140.0.0.0 Safari/537.36" "2a06:98c0:3600::103"
104.23.221.147 - - [02/Oct/2025:09:50:05 +0000] "GET /wordpress/wp-admin/setup-config.php HTTP/2.0" 200 3992 "-" "Mozilla/5.0 (Windows NT 10.0; Win64; x64) AppleWebKit/537.36 (KHTML, like Gecko) Chrome/140.0.0.0 Safari/537.36" "2a06:98c0:3600::103"
104.23.221.147 - - [02/Oct/2025:09:51:22 +0000] "GET /wp-admin/setup-config.php HTTP/2.0" 200 3992 "-" "Mozilla/5.0 (Windows NT 10.0; Win64; x64) AppleWebKit/537.36 (KHTML, like Gecko) Chrome/140.0.0.0 Safari/537.36" "2a06:98c0:3600::103"
162.158.110.230 - - [02/Oct/2025:09:51:56 +0000] "GET /wordpress/wp-admin/setup-config.php HTTP/2.0" 200 3992 "-" "Mozilla/5.0 (Windows NT 10.0; Win64; x64) AppleWebKit/537.36 (KHTML, like Gecko) Chrome/140.0.0.0 Safari/537.36" "2a06:98c0:3600::103"
138.68.163.231 - - [02/Oct/2025:09:55:20 +0000] "GET / HTTP/1.1" 301 169 "-" "Mozilla/5.0 (X11; Linux x86_64) AppleWebKit/537.36 (KHTML, like Gecko) Chrome/139.0.0.0 Safari/537.36" "-"
138.68.163.231 - - [02/Oct/2025:09:55:20 +0000] "GET /favicon.ico HTTP/1.1" 301 169 "http://fantcric.fun/" "Mozilla/5.0 (X11; Linux x86_64) AppleWebKit/537.36 (KHTML, like Gecko) Chrome/139.0.0.0 Safari/537.36" "-"
138.68.163.231 - - [02/Oct/2025:09:55:21 +0000] "GET / HTTP/1.1" 200 4004 "-" "Mozilla/5.0 (X11; Linux x86_64) AppleWebKit/537.36 (KHTML, like Gecko) Chrome/139.0.0.0 Safari/537.36" "-"
138.68.163.231 - - [02/Oct/2025:09:55:21 +0000] "GET /favicon.ico HTTP/1.1" 200 4004 "https://fantcric.fun/" "Mozilla/5.0 (X11; Linux x86_64) AppleWebKit/537.36 (KHTML, like Gecko) Chrome/139.0.0.0 Safari/537.36" "-"
216.180.246.194 - - [02/Oct/2025:09:55:42 +0000] "GET / HTTP/1.1" 404 22 "-" "'Mozilla/5.0 (compatible; GenomeCrawlerd/1.0; +https://www.nokia.com/genomecrawler)'" "-"
216.180.246.194 - - [02/Oct/2025:09:58:45 +0000] "GET / HTTP/1.1" 404 22 "-" "'Mozilla/5.0 (compatible; GenomeCrawlerd/1.0; +https://www.nokia.com/genomecrawler)'" "-"
216.180.246.194 - - [02/Oct/2025:09:59:54 +0000] "GET /manage/account/login HTTP/1.1" 404 22 "-" "'Mozilla/5.0 (compatible; GenomeCrawlerd/1.0; +https://www.nokia.com/genomecrawler)'" "-"
216.180.246.194 - - [02/Oct/2025:10:01:07 +0000] "GET /manage/account/login HTTP/1.1" 404 22 "-" "'Mozilla/5.0 (compatible; GenomeCrawlerd/1.0; +https://www.nokia.com/genomecrawler)'" "-"
195.178.110.160 - - [02/Oct/2025:10:02:09 +0000] "GET / HTTP/1.1" 400 157 "-" "-" "-"
195.178.110.160 - - [02/Oct/2025:10:02:10 +0000] "GET / HTTP/1.1" 404 22 "-" "l9tcpid/v1.1.0" "-"
216.180.246.194 - - [02/Oct/2025:10:02:10 +0000] "GET /admin/index.html HTTP/1.1" 404 22 "-" "'Mozilla/5.0 (compatible; GenomeCrawlerd/1.0; +https://www.nokia.com/genomecrawler)'" "-"
216.180.246.194 - - [02/Oct/2025:10:02:54 +0000] "GET /admin/index.html HTTP/1.1" 404 22 "-" "'Mozilla/5.0 (compatible; GenomeCrawlerd/1.0; +https://www.nokia.com/genomecrawler)'" "-"
216.180.246.194 - - [02/Oct/2025:10:03:40 +0000] "GET /index.html HTTP/1.1" 404 22 "-" "'Mozilla/5.0 (compatible; GenomeCrawlerd/1.0; +https://www.nokia.com/genomecrawler)'" "-"
216.180.246.194 - - [02/Oct/2025:10:04:18 +0000] "GET /index.html HTTP/1.1" 404 22 "-" "'Mozilla/5.0 (compatible; GenomeCrawlerd/1.0; +https://www.nokia.com/genomecrawler)'" "-"
176.97.210.9 - - [02/Oct/2025:10:04:24 +0000] "CONNECT postman-echo.com:443 HTTP/1.1" 400 157 "-" "-" "-"
216.180.246.194 - - [02/Oct/2025:10:05:01 +0000] "GET /+CSCOE+/logon.html HTTP/1.1" 404 22 "-" "'Mozilla/5.0 (compatible; GenomeCrawlerd/1.0; +https://www.nokia.com/genomecrawler)'" "-"
216.180.246.194 - - [02/Oct/2025:10:05:35 +0000] "GET /+CSCOE+/logon.html HTTP/1.1" 404 22 "-" "'Mozilla/5.0 (compatible; GenomeCrawlerd/1.0; +https://www.nokia.com/genomecrawler)'" "-"
216.180.246.194 - - [02/Oct/2025:10:06:32 +0000] "GET /cgi-bin/login.cgi HTTP/1.1" 404 22 "-" "'Mozilla/5.0 (compatible; GenomeCrawlerd/1.0; +https://www.nokia.com/genomecrawler)'" "-"
216.180.246.194 - - [02/Oct/2025:10:07:12 +0000] "GET /cgi-bin/login.cgi HTTP/1.1" 404 22 "-" "'Mozilla/5.0 (compatible; GenomeCrawlerd/1.0; +https://www.nokia.com/genomecrawler)'" "-"
216.180.246.194 - - [02/Oct/2025:10:07:49 +0000] "GET /login.htm HTTP/1.1" 404 22 "-" "'Mozilla/5.0 (compatible; GenomeCrawlerd/1.0; +https://www.nokia.com/genomecrawler)'" "-"
216.180.246.194 - - [02/Oct/2025:10:08:31 +0000] "GET /login.htm HTTP/1.1" 404 22 "-" "'Mozilla/5.0 (compatible; GenomeCrawlerd/1.0; +https://www.nokia.com/genomecrawler)'" "-"
216.180.246.194 - - [02/Oct/2025:10:10:53 +0000] "GET /login.jsp HTTP/1.1" 404 22 "-" "'Mozilla/5.0 (compatible; GenomeCrawlerd/1.0; +https://www.nokia.com/genomecrawler)'" "-"
216.180.246.194 - - [02/Oct/2025:10:11:27 +0000] "GET /login.jsp HTTP/1.1" 404 22 "-" "'Mozilla/5.0 (compatible; GenomeCrawlerd/1.0; +https://www.nokia.com/genomecrawler)'" "-"
104.23.221.146 - - [02/Oct/2025:10:11:58 +0000] "GET /wordpress/wp-admin/setup-config.php HTTP/2.0" 200 3992 "-" "Mozilla/5.0 (Windows NT 10.0; Win64; x64) AppleWebKit/537.36 (KHTML, like Gecko) Chrome/140.0.0.0 Safari/537.36" "2a06:98c0:3600::103"
185.247.137.56 - - [02/Oct/2025:10:11:59 +0000] "GET / HTTP/1.1" 404 22 "-" "Mozilla/5.0 (compatible; InternetMeasurement/1.0; +https://internet-measurement.com/)" "-"
216.180.246.194 - - [02/Oct/2025:10:12:18 +0000] "GET /login HTTP/1.1" 404 22 "-" "'Mozilla/5.0 (compatible; GenomeCrawlerd/1.0; +https://www.nokia.com/genomecrawler)'" "-"
216.180.246.194 - - [02/Oct/2025:10:12:51 +0000] "GET /login HTTP/1.1" 404 22 "-" "'Mozilla/5.0 (compatible; GenomeCrawlerd/1.0; +https://www.nokia.com/genomecrawler)'" "-"
104.23.221.147 - - [02/Oct/2025:10:13:15 +0000] "GET /wordpress/wp-admin/setup-config.php HTTP/1.1" 301 169 "-" "Mozilla/5.0 (Windows NT 10.0; Win64; x64) AppleWebKit/537.36 (KHTML, like Gecko) Chrome/140.0.0.0 Safari/537.36" "2a06:98c0:3600::103"
104.23.221.147 - - [02/Oct/2025:10:13:15 +0000] "GET /wordpress/wp-admin/setup-config.php HTTP/2.0" 200 3992 "-" "Mozilla/5.0 (Windows NT 10.0; Win64; x64) AppleWebKit/537.36 (KHTML, like Gecko) Chrome/140.0.0.0 Safari/537.36" "2a06:98c0:3600::103"
216.180.246.194 - - [02/Oct/2025:10:13:25 +0000] "GET /doc/index.html HTTP/1.1" 404 22 "-" "'Mozilla/5.0 (compatible; GenomeCrawlerd/1.0; +https://www.nokia.com/genomecrawler)'" "-"
104.23.223.18 - - [02/Oct/2025:10:13:38 +0000] "GET /wp-admin/setup-config.php HTTP/2.0" 200 3992 "-" "Mozilla/5.0 (Windows NT 10.0; Win64; x64) AppleWebKit/537.36 (KHTML, like Gecko) Chrome/140.0.0.0 Safari/537.36" "2a06:98c0:3600::103"
64.62.197.152 - - [02/Oct/2025:10:13:45 +0000] "\x16\x03\x01\x00{\x01\x00\x00w\x03\x03s;?B\xAFS\xA7\xD4p=\x5CvNw\x0F\x22\xE8\xB9\x85\x15.\x85p@\x8Bb" 400 157 "-" "-" "-"
216.180.246.194 - - [02/Oct/2025:10:14:06 +0000] "GET /doc/index.html HTTP/1.1" 404 22 "-" "'Mozilla/5.0 (compatible; GenomeCrawlerd/1.0; +https://www.nokia.com/genomecrawler)'" "-"
104.23.221.146 - - [02/Oct/2025:10:14:11 +0000] "GET /wp-admin/setup-config.php HTTP/1.1" 301 169 "-" "Mozilla/5.0 (Windows NT 10.0; Win64; x64) AppleWebKit/537.36 (KHTML, like Gecko) Chrome/140.0.0.0 Safari/537.36" "2a06:98c0:3600::103"
104.23.221.147 - - [02/Oct/2025:10:14:11 +0000] "GET /wp-admin/setup-config.php HTTP/2.0" 200 3992 "-" "Mozilla/5.0 (Windows NT 10.0; Win64; x64) AppleWebKit/537.36 (KHTML, like Gecko) Chrome/140.0.0.0 Safari/537.36" "2a06:98c0:3600::103"
216.180.246.194 - - [02/Oct/2025:10:14:56 +0000] "GET /remote/login HTTP/1.1" 404 22 "-" "'Mozilla/5.0 (compatible; GenomeCrawlerd/1.0; +https://www.nokia.com/genomecrawler)'" "-"
216.180.246.194 - - [02/Oct/2025:10:15:45 +0000] "GET /remote/login HTTP/1.1" 404 22 "-" "'Mozilla/5.0 (compatible; GenomeCrawlerd/1.0; +https://www.nokia.com/genomecrawler)'" "-"
216.180.246.194 - - [02/Oct/2025:10:16:29 +0000] "GET //admin/login.asp HTTP/1.1" 404 22 "-" "'Mozilla/5.0 (compatible; GenomeCrawlerd/1.0; +https://www.nokia.com/genomecrawler)'" "-"
216.180.246.194 - - [02/Oct/2025:10:17:10 +0000] "GET //admin/login.asp HTTP/1.1" 404 22 "-" "'Mozilla/5.0 (compatible; GenomeCrawlerd/1.0; +https://www.nokia.com/genomecrawler)'" "-"
216.180.246.194 - - [02/Oct/2025:10:17:50 +0000] "GET /web/ HTTP/1.1" 404 22 "-" "'Mozilla/5.0 (compatible; GenomeCrawlerd/1.0; +https://www.nokia.com/genomecrawler)'" "-"
216.180.246.194 - - [02/Oct/2025:10:18:55 +0000] "GET /web/ HTTP/1.1" 404 22 "-" "'Mozilla/5.0 (compatible; GenomeCrawlerd/1.0; +https://www.nokia.com/genomecrawler)'" "-"
216.180.246.194 - - [02/Oct/2025:10:19:55 +0000] "GET //webpages/login.html HTTP/1.1" 404 22 "-" "'Mozilla/5.0 (compatible; GenomeCrawlerd/1.0; +https://www.nokia.com/genomecrawler)'" "-"
37.60.141.156 - - [02/Oct/2025:10:21:51 +0000] "GET /cgi-bin/luci/;stok=/locale HTTP/1.1" 301 169 "-" "-" "-"
37.60.141.156 - - [02/Oct/2025:10:21:51 +0000] "GET /cgi-bin/luci/;stok=/locale HTTP/1.1" 200 15847 "http://45.135.59.210:80/cgi-bin/luci/;stok=/locale" "-" "-"
204.76.203.219 - - [02/Oct/2025:10:23:43 +0000] "GET / HTTP/1.1" 301 169 "-" "Mozilla/5.0 (Windows NT 10.0; Win64; x64) AppleWebKit/537.36 (KHTML, like Gecko) Chrome/90.0.4430.85 Safari/537.36 Edg/90.0.818.46" "-"
104.23.221.146 - - [02/Oct/2025:10:34:35 +0000] "GET /wp-admin/setup-config.php HTTP/2.0" 200 3992 "-" "Mozilla/5.0 (Windows NT 10.0; Win64; x64) AppleWebKit/537.36 (KHTML, like Gecko) Chrome/140.0.0.0 Safari/537.36" "2a06:98c0:3600::103"
162.158.94.199 - - [02/Oct/2025:10:35:49 +0000] "GET /wordpress/wp-admin/setup-config.php HTTP/2.0" 200 3992 "-" "Mozilla/5.0 (Windows NT 10.0; Win64; x64) AppleWebKit/537.36 (KHTML, like Gecko) Chrome/140.0.0.0 Safari/537.36" "2a06:98c0:3600::103"
104.23.221.146 - - [02/Oct/2025:10:35:54 +0000] "GET /wp-admin/setup-config.php HTTP/1.1" 301 169 "-" "Mozilla/5.0 (Windows NT 10.0; Win64; x64) AppleWebKit/537.36 (KHTML, like Gecko) Chrome/140.0.0.0 Safari/537.36" "2a06:98c0:3600::103"
104.23.221.146 - - [02/Oct/2025:10:35:54 +0000] "GET /wp-admin/setup-config.php HTTP/2.0" 200 3992 "-" "Mozilla/5.0 (Windows NT 10.0; Win64; x64) AppleWebKit/537.36 (KHTML, like Gecko) Chrome/140.0.0.0 Safari/537.36" "2a06:98c0:3600::103"
104.23.221.146 - - [02/Oct/2025:10:36:14 +0000] "GET /wordpress/wp-admin/setup-config.php HTTP/1.1" 301 169 "-" "Mozilla/5.0 (Windows NT 10.0; Win64; x64) AppleWebKit/537.36 (KHTML, like Gecko) Chrome/140.0.0.0 Safari/537.36" "2a06:98c0:3600::103"
104.23.221.146 - - [02/Oct/2025:10:36:15 +0000] "GET /wordpress/wp-admin/setup-config.php HTTP/2.0" 200 3992 "-" "Mozilla/5.0 (Windows NT 10.0; Win64; x64) AppleWebKit/537.36 (KHTML, like Gecko) Chrome/140.0.0.0 Safari/537.36" "2a06:98c0:3600::103"
147.185.132.35 - - [02/Oct/2025:10:37:59 +0000] "GET / HTTP/1.1" 301 169 "-" "Hello from Palo Alto Networks, find out more about our scans in https://docs-cortex.paloaltonetworks.com/r/1/Cortex-Xpanse/Scanning-activity" "-"
147.185.132.35 - - [02/Oct/2025:10:38:00 +0000] "GET / HTTP/1.1" 200 4004 "http://45.135.59.210:80/" "Hello from Palo Alto Networks, find out more about our scans in https://docs-cortex.paloaltonetworks.com/r/1/Cortex-Xpanse/Scanning-activity" "-"
104.23.223.19 - - [02/Oct/2025:10:55:38 +0000] "GET /wordpress/wp-admin/setup-config.php HTTP/1.1" 301 169 "-" "Mozilla/5.0 (Windows NT 10.0; Win64; x64) AppleWebKit/537.36 (KHTML, like Gecko) Chrome/140.0.0.0 Safari/537.36" "2a06:98c0:3600::103"
104.23.223.18 - - [02/Oct/2025:10:55:38 +0000] "GET /wordpress/wp-admin/setup-config.php HTTP/2.0" 200 3992 "-" "Mozilla/5.0 (Windows NT 10.0; Win64; x64) AppleWebKit/537.36 (KHTML, like Gecko) Chrome/140.0.0.0 Safari/537.36" "2a06:98c0:3600::103"
104.23.221.147 - - [02/Oct/2025:10:58:38 +0000] "GET /wp-admin/setup-config.php HTTP/1.1" 301 169 "-" "Mozilla/5.0 (Windows NT 10.0; Win64; x64) AppleWebKit/537.36 (KHTML, like Gecko) Chrome/140.0.0.0 Safari/537.36" "2a06:98c0:3600::103"
104.23.221.147 - - [02/Oct/2025:10:58:38 +0000] "GET /wp-admin/setup-config.php HTTP/2.0" 200 3992 "-" "Mozilla/5.0 (Windows NT 10.0; Win64; x64) AppleWebKit/537.36 (KHTML, like Gecko) Chrome/140.0.0.0 Safari/537.36" "2a06:98c0:3600::103"
104.23.221.146 - - [02/Oct/2025:10:58:57 +0000] "GET /wp-admin/setup-config.php HTTP/2.0" 200 3992 "-" "Mozilla/5.0 (Windows NT 10.0; Win64; x64) AppleWebKit/537.36 (KHTML, like Gecko) Chrome/140.0.0.0 Safari/537.36" "2a06:98c0:3600::103"
172.68.183.51 - - [02/Oct/2025:10:59:25 +0000] "GET /wordpress/wp-admin/setup-config.php HTTP/2.0" 200 3992 "-" "Mozilla/5.0 (Windows NT 10.0; Win64; x64) AppleWebKit/537.36 (KHTML, like Gecko) Chrome/140.0.0.0 Safari/537.36" "2a06:98c0:3600::103"
185.203.132.199 - - [02/Oct/2025:11:00:18 +0000] "GET / HTTP/2.0" 404 22 "-" "Mozilla/5.0 (Linux; Android 6.0; Nexus 5 Build/MRA58N) AppleWebKit/537.36 (KHTML, like Gecko) Chrome/130.0.0.0 Mobile Safari/537.36" "-"
185.203.132.199 - - [02/Oct/2025:11:00:18 +0000] "GET /js/lkk_ch.js HTTP/2.0" 404 22 "-" "Mozilla/5.0 (Linux; Android 6.0; Nexus 5 Build/MRA58N) AppleWebKit/537.36 (KHTML, like Gecko) Chrome/130.0.0.0 Mobile Safari/537.36" "-"
185.203.132.199 - - [02/Oct/2025:11:00:18 +0000] "GET /css/support_parent.css HTTP/2.0" 404 22 "-" "Mozilla/5.0 (Linux; Android 6.0; Nexus 5 Build/MRA58N) AppleWebKit/537.36 (KHTML, like Gecko) Chrome/130.0.0.0 Mobile Safari/537.36" "-"
185.203.132.199 - - [02/Oct/2025:11:00:18 +0000] "GET /js/twint_ch.js HTTP/2.0" 404 22 "-" "Mozilla/5.0 (Linux; Android 6.0; Nexus 5 Build/MRA58N) AppleWebKit/537.36 (KHTML, like Gecko) Chrome/130.0.0.0 Mobile Safari/537.36" "-"
185.203.132.199 - - [02/Oct/2025:11:04:58 +0000] "GET / HTTP/2.0" 200 3992 "-" "Mozilla/5.0 (Linux; Android 6.0; Nexus 5 Build/MRA58N) AppleWebKit/537.36 (KHTML, like Gecko) Chrome/130.0.0.0 Mobile Safari/537.36" "-"
185.203.132.199 - - [02/Oct/2025:11:04:58 +0000] "GET /css/support_parent.css HTTP/2.0" 200 3992 "-" "Mozilla/5.0 (Linux; Android 6.0; Nexus 5 Build/MRA58N) AppleWebKit/537.36 (KHTML, like Gecko) Chrome/130.0.0.0 Mobile Safari/537.36" "-"
185.203.132.199 - - [02/Oct/2025:11:04:59 +0000] "GET /js/lkk_ch.js HTTP/2.0" 200 3992 "-" "Mozilla/5.0 (Linux; Android 6.0; Nexus 5 Build/MRA58N) AppleWebKit/537.36 (KHTML, like Gecko) Chrome/130.0.0.0 Mobile Safari/537.36" "-"
185.203.132.199 - - [02/Oct/2025:11:04:59 +0000] "GET /js/twint_ch.js HTTP/2.0" 200 3992 "-" "Mozilla/5.0 (Linux; Android 6.0; Nexus 5 Build/MRA58N) AppleWebKit/537.36 (KHTML, like Gecko) Chrome/130.0.0.0 Mobile Safari/537.36" "-"
104.23.221.146 - - [02/Oct/2025:11:16:26 +0000] "GET /wp-admin/setup-config.php HTTP/1.1" 301 169 "-" "Mozilla/5.0 (Windows NT 10.0; Win64; x64) AppleWebKit/537.36 (KHTML, like Gecko) Chrome/140.0.0.0 Safari/537.36" "2a06:98c0:3600::103"
104.23.221.147 - - [02/Oct/2025:11:16:26 +0000] "GET /wp-admin/setup-config.php HTTP/2.0" 200 3992 "-" "Mozilla/5.0 (Windows NT 10.0; Win64; x64) AppleWebKit/537.36 (KHTML, like Gecko) Chrome/140.0.0.0 Safari/537.36" "2a06:98c0:3600::103"
104.23.221.146 - - [02/Oct/2025:11:17:09 +0000] "GET /wordpress/wp-admin/setup-config.php HTTP/1.1" 301 169 "-" "Mozilla/5.0 (Windows NT 10.0; Win64; x64) AppleWebKit/537.36 (KHTML, like Gecko) Chrome/140.0.0.0 Safari/537.36" "2a06:98c0:3600::103"
104.23.221.146 - - [02/Oct/2025:11:17:10 +0000] "GET /wordpress/wp-admin/setup-config.php HTTP/2.0" 200 3992 "-" "Mozilla/5.0 (Windows NT 10.0; Win64; x64) AppleWebKit/537.36 (KHTML, like Gecko) Chrome/140.0.0.0 Safari/537.36" "2a06:98c0:3600::103"
104.23.217.32 - - [02/Oct/2025:11:17:28 +0000] "GET /wp-admin/setup-config.php HTTP/2.0" 200 3992 "-" "Mozilla/5.0 (Windows NT 10.0; Win64; x64) AppleWebKit/537.36 (KHTML, like Gecko) Chrome/140.0.0.0 Safari/537.36" "2a06:98c0:3600::103"
104.23.221.147 - - [02/Oct/2025:11:18:35 +0000] "GET /wordpress/wp-admin/setup-config.php HTTP/2.0" 200 3992 "-" "Mozilla/5.0 (Windows NT 10.0; Win64; x64) AppleWebKit/537.36 (KHTML, like Gecko) Chrome/140.0.0.0 Safari/537.36" "2a06:98c0:3600::103"
37.60.141.156 - - [02/Oct/2025:11:30:32 +0000] "GET / HTTP/1.1" 301 169 "-" "Mozilla/5.0 (Windows NT 10.0; Win64; x64) AppleWebKit/537.36 (KHTML, like Gecko) Chrome/42.0.2311.135 Safari/537.36 Edge/12.246" "-"
165.232.191.237 - - [02/Oct/2025:11:31:41 +0000] "GET /.env HTTP/1.1" 301 169 "-" "Mozilla/5.0; Keydrop.io/1.0(onlyscans.com/about);" "-"
165.232.191.237 - - [02/Oct/2025:11:31:41 +0000] "GET /.git/config HTTP/1.1" 301 169 "-" "Mozilla/5.0; Keydrop.io/1.0(onlyscans.com/about);" "-"
49.7.227.204 - - [02/Oct/2025:11:31:44 +0000] "GET / HTTP/1.1" 301 169 "-" "Mozilla/5.0 (iPhone; CPU iPhone OS 13_2_3 like Mac OS X) AppleWebKit/605.1.15 (KHTML, like Gecko) Version/13.0.3 Mobile/15E148 Safari/604.1" "-"
104.23.221.147 - - [02/Oct/2025:11:37:50 +0000] "GET /wp-admin/setup-config.php HTTP/1.1" 301 169 "-" "Mozilla/5.0 (Windows NT 10.0; Win64; x64) AppleWebKit/537.36 (KHTML, like Gecko) Chrome/140.0.0.0 Safari/537.36" "2a06:98c0:3600::103"
104.23.221.147 - - [02/Oct/2025:11:37:50 +0000] "GET /wp-admin/setup-config.php HTTP/2.0" 200 3992 "-" "Mozilla/5.0 (Windows NT 10.0; Win64; x64) AppleWebKit/537.36 (KHTML, like Gecko) Chrome/140.0.0.0 Safari/537.36" "2a06:98c0:3600::103"
162.158.87.53 - - [02/Oct/2025:11:38:55 +0000] "GET /wordpress/wp-admin/setup-config.php HTTP/2.0" 200 3992 "-" "Mozilla/5.0 (Windows NT 10.0; Win64; x64) AppleWebKit/537.36 (KHTML, like Gecko) Chrome/140.0.0.0 Safari/537.36" "2a06:98c0:3600::103"
104.23.221.146 - - [02/Oct/2025:11:40:06 +0000] "GET /wp-admin/setup-config.php HTTP/2.0" 200 3992 "-" "Mozilla/5.0 (Windows NT 10.0; Win64; x64) AppleWebKit/537.36 (KHTML, like Gecko) Chrome/140.0.0.0 Safari/537.36" "2a06:98c0:3600::103"
104.23.221.146 - - [02/Oct/2025:11:41:37 +0000] "GET /wordpress/wp-admin/setup-config.php HTTP/1.1" 301 169 "-" "Mozilla/5.0 (Windows NT 10.0; Win64; x64) AppleWebKit/537.36 (KHTML, like Gecko) Chrome/140.0.0.0 Safari/537.36" "2a06:98c0:3600::103"
104.23.221.147 - - [02/Oct/2025:11:41:37 +0000] "GET /wordpress/wp-admin/setup-config.php HTTP/2.0" 200 3992 "-" "Mozilla/5.0 (Windows NT 10.0; Win64; x64) AppleWebKit/537.36 (KHTML, like Gecko) Chrome/140.0.0.0 Safari/537.36" "2a06:98c0:3600::103"
204.76.203.212 - - [02/Oct/2025:11:53:53 +0000] "GET / HTTP/1.1" 301 169 "-" "Mozilla/5.0 (Windows NT 10.0; Win64; x64) AppleWebKit/537.36 (KHTML, like Gecko) Chrome/90.0.4430.85 Safari/537.36 Edg/90.0.818.46" "-"
172.68.183.51 - - [02/Oct/2025:11:58:56 +0000] "GET /wordpress/wp-admin/setup-config.php HTTP/2.0" 200 3992 "-" "Mozilla/5.0 (Windows NT 10.0; Win64; x64) AppleWebKit/537.36 (KHTML, like Gecko) Chrome/140.0.0.0 Safari/537.36" "2a06:98c0:3600::103"
104.23.217.33 - - [02/Oct/2025:11:59:05 +0000] "GET /wp-admin/setup-config.php HTTP/1.1" 301 169 "-" "Mozilla/5.0 (Windows NT 10.0; Win64; x64) AppleWebKit/537.36 (KHTML, like Gecko) Chrome/140.0.0.0 Safari/537.36" "2a06:98c0:3600::103"
104.23.217.32 - - [02/Oct/2025:11:59:05 +0000] "GET /wp-admin/setup-config.php HTTP/2.0" 200 3992 "-" "Mozilla/5.0 (Windows NT 10.0; Win64; x64) AppleWebKit/537.36 (KHTML, like Gecko) Chrome/140.0.0.0 Safari/537.36" "2a06:98c0:3600::103"
104.23.223.18 - - [02/Oct/2025:11:59:24 +0000] "GET /wp-admin/setup-config.php HTTP/2.0" 200 3992 "-" "Mozilla/5.0 (Windows NT 10.0; Win64; x64) AppleWebKit/537.36 (KHTML, like Gecko) Chrome/140.0.0.0 Safari/537.36" "2a06:98c0:3600::103"
104.23.221.146 - - [02/Oct/2025:12:00:27 +0000] "GET /wordpress/wp-admin/setup-config.php HTTP/1.1" 301 169 "-" "Mozilla/5.0 (Windows NT 10.0; Win64; x64) AppleWebKit/537.36 (KHTML, like Gecko) Chrome/140.0.0.0 Safari/537.36" "2a06:98c0:3600::103"
104.23.221.147 - - [02/Oct/2025:12:00:27 +0000] "GET /wordpress/wp-admin/setup-config.php HTTP/2.0" 200 3992 "-" "Mozilla/5.0 (Windows NT 10.0; Win64; x64) AppleWebKit/537.36 (KHTML, like Gecko) Chrome/140.0.0.0 Safari/537.36" "2a06:98c0:3600::103"
49.51.72.76 - - [02/Oct/2025:12:05:39 +0000] "GET / HTTP/1.1" 301 169 "-" "Mozilla/5.0 (iPhone; CPU iPhone OS 13_2_3 like Mac OS X) AppleWebKit/605.1.15 (KHTML, like Gecko) Version/13.0.3 Mobile/15E148 Safari/604.1" "-"
49.51.72.76 - - [02/Oct/2025:12:05:41 +0000] "GET / HTTP/1.1" 200 4004 "http://www.fantcric.fun" "Mozilla/5.0 (iPhone; CPU iPhone OS 13_2_3 like Mac OS X) AppleWebKit/605.1.15 (KHTML, like Gecko) Version/13.0.3 Mobile/15E148 Safari/604.1" "-"
204.76.203.219 - - [02/Oct/2025:12:06:54 +0000] "GET / HTTP/1.1" 301 169 "-" "Mozilla/5.0 (Windows NT 10.0; Win64; x64) AppleWebKit/537.36 (KHTML, like Gecko) Chrome/90.0.4430.85 Safari/537.36 Edg/90.0.818.46" "-"
87.236.176.241 - - [02/Oct/2025:12:14:25 +0000] "GET / HTTP/1.1" 404 22 "-" "Mozilla/5.0 (compatible; InternetMeasurement/1.0; +https://internet-measurement.com/)" "-"
46.226.58.62 - - [02/Oct/2025:12:18:03 +0000] "OPTIONS /api/auth/register HTTP/2.0" 200 2 "https://fantcric.fun/" "Mozilla/5.0 (Macintosh; Intel Mac OS X 10_15_7) AppleWebKit/537.36 (KHTML, like Gecko) Chrome/140.0.0.0 Safari/537.36" "-"
46.226.58.62 - - [02/Oct/2025:12:18:03 +0000] "POST /api/auth/register HTTP/2.0" 500 21 "https://fantcric.fun/" "Mozilla/5.0 (Macintosh; Intel Mac OS X 10_15_7) AppleWebKit/537.36 (KHTML, like Gecko) Chrome/140.0.0.0 Safari/537.36" "-"
45.135.59.210 - - [02/Oct/2025:12:20:57 +0000] "POST /api/auth/register HTTP/2.0" 500 21 "-" "curl/8.5.0" "-"
104.23.221.146 - - [02/Oct/2025:12:21:40 +0000] "GET /wp-admin/setup-config.php HTTP/1.1" 301 169 "-" "Mozilla/5.0 (Windows NT 10.0; Win64; x64) AppleWebKit/537.36 (KHTML, like Gecko) Chrome/140.0.0.0 Safari/537.36" "2a06:98c0:3600::103"
104.23.221.147 - - [02/Oct/2025:12:21:40 +0000] "GET /wp-admin/setup-config.php HTTP/2.0" 200 3992 "-" "Mozilla/5.0 (Windows NT 10.0; Win64; x64) AppleWebKit/537.36 (KHTML, like Gecko) Chrome/140.0.0.0 Safari/537.36" "2a06:98c0:3600::103"
104.23.221.146 - - [02/Oct/2025:12:22:09 +0000] "GET /wordpress/wp-admin/setup-config.php HTTP/1.1" 301 169 "-" "Mozilla/5.0 (Windows NT 10.0; Win64; x64) AppleWebKit/537.36 (KHTML, like Gecko) Chrome/140.0.0.0 Safari/537.36" "2a06:98c0:3600::103"
104.23.221.147 - - [02/Oct/2025:12:22:10 +0000] "GET /wordpress/wp-admin/setup-config.php HTTP/2.0" 200 3992 "-" "Mozilla/5.0 (Windows NT 10.0; Win64; x64) AppleWebKit/537.36 (KHTML, like Gecko) Chrome/140.0.0.0 Safari/537.36" "2a06:98c0:3600::103"
104.23.221.146 - - [02/Oct/2025:12:22:49 +0000] "GET /wp-admin/setup-config.php HTTP/2.0" 200 3992 "-" "Mozilla/5.0 (Windows NT 10.0; Win64; x64) AppleWebKit/537.36 (KHTML, like Gecko) Chrome/140.0.0.0 Safari/537.36" "2a06:98c0:3600::103"
45.135.59.210 - - [02/Oct/2025:12:22:53 +0000] "POST /api/auth/register HTTP/2.0" 500 21 "-" "curl/8.5.0" "-"
104.23.221.147 - - [02/Oct/2025:12:23:24 +0000] "GET /wordpress/wp-admin/setup-config.php HTTP/2.0" 200 3992 "-" "Mozilla/5.0 (Windows NT 10.0; Win64; x64) AppleWebKit/537.36 (KHTML, like Gecko) Chrome/140.0.0.0 Safari/537.36" "2a06:98c0:3600::103"
45.135.59.210 - - [02/Oct/2025:12:25:11 +0000] "POST /api/auth/register HTTP/2.0" 500 21 "-" "curl/8.5.0" "-"
45.135.59.210 - - [02/Oct/2025:12:25:27 +0000] "POST /api/auth/register HTTP/2.0" 500 21 "-" "curl/8.5.0" "-"
20.169.105.81 - - [02/Oct/2025:12:25:30 +0000] "GET /developmentserver/metadatauploader HTTP/1.1" 301 169 "-" "Mozilla/5.0 zgrab/0.x" "-"
45.135.59.210 - - [02/Oct/2025:12:27:29 +0000] "POST /api/auth/register HTTP/2.0" 500 21 "-" "curl/8.5.0" "-"
45.135.59.210 - - [02/Oct/2025:12:36:14 +0000] "POST /api/auth/register HTTP/2.0" 502 157 "-" "curl/8.5.0" "-"
45.135.59.210 - - [02/Oct/2025:12:37:51 +0000] "POST /api/auth/register HTTP/2.0" 502 157 "-" "curl/8.5.0" "-"
93.123.109.214 - - [02/Oct/2025:12:41:06 +0000] "\x16\x03\x01\x00\xEA\x01\x00\x00\xE6\x03\x03H\xAE\xBA?\x98\xAD\x05\x10'J#\x1E\x5C{\xCA\x5Cc\x8C\xF1\xAA=@aAn]C\xC0\x9A\x0FG\xDA U\xA1\xC8\xCF\x1D\x1A\x7F]n\xE7Zw\x83*T\xD5]H\xF3" 400 157 "-" "-" "-"
93.123.109.214 - - [02/Oct/2025:12:41:06 +0000] "GET / HTTP/1.1" 400 157 "-" "-" "-"
93.123.109.214 - - [02/Oct/2025:12:41:06 +0000] "GET / HTTP/1.1" 301 169 "-" "l9tcpid/v1.1.0" "-"
172.71.246.128 - - [02/Oct/2025:12:45:09 +0000] "GET /wp-admin/setup-config.php HTTP/1.1" 301 169 "-" "Mozilla/5.0 (Windows NT 10.0; Win64; x64) AppleWebKit/537.36 (KHTML, like Gecko) Chrome/140.0.0.0 Safari/537.36" "2a06:98c0:3600::103"
172.71.246.129 - - [02/Oct/2025:12:45:09 +0000] "GET /wp-admin/setup-config.php HTTP/2.0" 200 3992 "-" "Mozilla/5.0 (Windows NT 10.0; Win64; x64) AppleWebKit/537.36 (KHTML, like Gecko) Chrome/140.0.0.0 Safari/537.36" "2a06:98c0:3600::103"
104.23.221.146 - - [02/Oct/2025:12:46:08 +0000] "GET /wp-admin/setup-config.php HTTP/2.0" 200 3992 "-" "Mozilla/5.0 (Windows NT 10.0; Win64; x64) AppleWebKit/537.36 (KHTML, like Gecko) Chrome/140.0.0.0 Safari/537.36" "2a06:98c0:3600::103"
104.23.221.146 - - [02/Oct/2025:12:47:20 +0000] "GET /wordpress/wp-admin/setup-config.php HTTP/2.0" 200 3992 "-" "Mozilla/5.0 (Windows NT 10.0; Win64; x64) AppleWebKit/537.36 (KHTML, like Gecko) Chrome/140.0.0.0 Safari/537.36" "2a06:98c0:3600::103"
104.23.221.146 - - [02/Oct/2025:12:48:16 +0000] "GET /wordpress/wp-admin/setup-config.php HTTP/1.1" 301 169 "-" "Mozilla/5.0 (Windows NT 10.0; Win64; x64) AppleWebKit/537.36 (KHTML, like Gecko) Chrome/140.0.0.0 Safari/537.36" "2a06:98c0:3600::103"
104.23.221.147 - - [02/Oct/2025:12:48:16 +0000] "GET /wordpress/wp-admin/setup-config.php HTTP/2.0" 200 3992 "-" "Mozilla/5.0 (Windows NT 10.0; Win64; x64) AppleWebKit/537.36 (KHTML, like Gecko) Chrome/140.0.0.0 Safari/537.36" "2a06:98c0:3600::103"
104.23.221.147 - - [02/Oct/2025:12:49:01 +0000] "GET /wp-admin/setup-config.php HTTP/1.1" 301 169 "-" "Mozilla/5.0 (Windows NT 10.0; Win64; x64) AppleWebKit/537.36 (KHTML, like Gecko) Chrome/140.0.0.0 Safari/537.36" "2a06:98c0:3600::103"
104.23.221.147 - - [02/Oct/2025:12:49:01 +0000] "GET /wp-admin/setup-config.php HTTP/2.0" 200 3992 "-" "Mozilla/5.0 (Windows NT 10.0; Win64; x64) AppleWebKit/537.36 (KHTML, like Gecko) Chrome/140.0.0.0 Safari/537.36" "2a06:98c0:3600::103"
34.11.205.87 - - [02/Oct/2025:12:50:16 +0000] "GET / HTTP/1.1" 499 0 "-" "Mozilla/5.0 (iPhone; CPU iPhone OS 16_5 like Mac OS X) AppleWebKit/605.1.15 (KHTML, like Gecko) CriOS/114.0.5735.99 Mobile/15E148 Safari/604.1" "-"
45.135.59.210 - - [02/Oct/2025:12:58:05 +0000] "POST /api/auth/register HTTP/2.0" 404 22 "-" "curl/8.5.0" "-"
45.135.59.210 - - [02/Oct/2025:13:02:06 +0000] "POST /api/auth/register HTTP/2.0" 404 22 "-" "curl/8.5.0" "-"
104.23.223.19 - - [02/Oct/2025:13:05:13 +0000] "GET /wp-admin/setup-config.php HTTP/2.0" 200 3992 "-" "Mozilla/5.0 (Windows NT 10.0; Win64; x64) AppleWebKit/537.36 (KHTML, like Gecko) Chrome/140.0.0.0 Safari/537.36" "2a06:98c0:3600::103"
45.135.59.210 - - [02/Oct/2025:13:07:24 +0000] "POST /api/auth/register HTTP/2.0" 200 125 "-" "curl/8.5.0" "-"
45.135.59.210 - - [02/Oct/2025:13:07:48 +0000] "POST /api/auth/login HTTP/2.0" 200 358 "-" "curl/8.5.0" "-"
104.23.221.146 - - [02/Oct/2025:13:08:23 +0000] "GET /wp-admin/setup-config.php HTTP/1.1" 301 169 "-" "Mozilla/5.0 (Windows NT 10.0; Win64; x64) AppleWebKit/537.36 (KHTML, like Gecko) Chrome/140.0.0.0 Safari/537.36" "2a06:98c0:3600::103"
104.23.221.146 - - [02/Oct/2025:13:08:23 +0000] "GET /wp-admin/setup-config.php HTTP/2.0" 200 3992 "-" "Mozilla/5.0 (Windows NT 10.0; Win64; x64) AppleWebKit/537.36 (KHTML, like Gecko) Chrome/140.0.0.0 Safari/537.36" "2a06:98c0:3600::103"
34.182.4.152 - - [02/Oct/2025:13:11:06 +0000] "GET / HTTP/1.1" 404 22 "-" "Mozilla/5.0 (iPhone; CPU iPhone OS 16_5 like Mac OS X) AppleWebKit/605.1.15 (KHTML, like Gecko) CriOS/114.0.5735.99 Mobile/15E148 Safari/604.1" "-"
34.182.4.152 - - [02/Oct/2025:13:11:06 +0000] "GET /00a1d10b62284265ba28669520efcf20 HTTP/1.1" 404 22 "-" "Mozilla/5.0 (iPhone; CPU iPhone OS 16_5 like Mac OS X) AppleWebKit/605.1.15 (KHTML, like Gecko) CriOS/114.0.5735.99 Mobile/15E148 Safari/604.1" "-"
34.182.4.152 - - [02/Oct/2025:13:11:06 +0000] "GET /69169f8f-ccf7-49af-8cb6-1ac11eb55a07 HTTP/1.1" 404 22 "-" "Mozilla/5.0 (iPhone; CPU iPhone OS 16_5 like Mac OS X) AppleWebKit/605.1.15 (KHTML, like Gecko) CriOS/114.0.5735.99 Mobile/15E148 Safari/604.1" "-"
34.182.4.152 - - [02/Oct/2025:13:11:07 +0000] "GET /18fa4750-bc0b-4d2d-a410-5c3509dd94e1 HTTP/1.1" 404 22 "-" "Mozilla/5.0 (iPhone; CPU iPhone OS 16_5 like Mac OS X) AppleWebKit/605.1.15 (KHTML, like Gecko) CriOS/114.0.5735.99 Mobile/15E148 Safari/604.1" "-"
34.182.4.152 - - [02/Oct/2025:13:11:07 +0000] "GET /fc94822c-664e-4e7e-9871-151092981489/ HTTP/1.1" 404 22 "-" "Mozilla/5.0 (iPhone; CPU iPhone OS 16_5 like Mac OS X) AppleWebKit/605.1.15 (KHTML, like Gecko) CriOS/114.0.5735.99 Mobile/15E148 Safari/604.1" "-"
34.182.4.152 - - [02/Oct/2025:13:11:07 +0000] "GET /hdfc HTTP/1.1" 404 22 "-" "Mozilla/5.0 (iPhone; CPU iPhone OS 16_5 like Mac OS X) AppleWebKit/605.1.15 (KHTML, like Gecko) CriOS/114.0.5735.99 Mobile/15E148 Safari/604.1" "-"
34.182.4.152 - - [02/Oct/2025:13:11:07 +0000] "GET /carts HTTP/1.1" 404 22 "-" "Mozilla/5.0 (iPhone; CPU iPhone OS 16_5 like Mac OS X) AppleWebKit/605.1.15 (KHTML, like Gecko) CriOS/114.0.5735.99 Mobile/15E148 Safari/604.1" "-"
34.182.4.152 - - [02/Oct/2025:13:11:07 +0000] "GET /card HTTP/1.1" 404 22 "-" "Mozilla/5.0 (iPhone; CPU iPhone OS 16_5 like Mac OS X) AppleWebKit/605.1.15 (KHTML, like Gecko) CriOS/114.0.5735.99 Mobile/15E148 Safari/604.1" "-"
34.182.4.152 - - [02/Oct/2025:13:11:07 +0000] "GET /upi HTTP/1.1" 404 22 "-" "Mozilla/5.0 (iPhone; CPU iPhone OS 16_5 like Mac OS X) AppleWebKit/605.1.15 (KHTML, like Gecko) CriOS/114.0.5735.99 Mobile/15E148 Safari/604.1" "-"
34.182.4.152 - - [02/Oct/2025:13:11:07 +0000] "GET /icici HTTP/1.1" 404 22 "-" "Mozilla/5.0 (iPhone; CPU iPhone OS 16_5 like Mac OS X) AppleWebKit/605.1.15 (KHTML, like Gecko) CriOS/114.0.5735.99 Mobile/15E148 Safari/604.1" "-"
34.182.4.152 - - [02/Oct/2025:13:11:07 +0000] "GET /dashboard HTTP/1.1" 404 22 "-" "Mozilla/5.0 (iPhone; CPU iPhone OS 16_5 like Mac OS X) AppleWebKit/605.1.15 (KHTML, like Gecko) CriOS/114.0.5735.99 Mobile/15E148 Safari/604.1" "-"
34.182.4.152 - - [02/Oct/2025:13:11:07 +0000] "GET /offer HTTP/1.1" 404 22 "-" "Mozilla/5.0 (iPhone; CPU iPhone OS 16_5 like Mac OS X) AppleWebKit/605.1.15 (KHTML, like Gecko) CriOS/114.0.5735.99 Mobile/15E148 Safari/604.1" "-"
34.182.4.152 - - [02/Oct/2025:13:11:07 +0000] "GET /credit HTTP/1.1" 404 22 "-" "Mozilla/5.0 (iPhone; CPU iPhone OS 16_5 like Mac OS X) AppleWebKit/605.1.15 (KHTML, like Gecko) CriOS/114.0.5735.99 Mobile/15E148 Safari/604.1" "-"
34.182.4.152 - - [02/Oct/2025:13:11:07 +0000] "GET /loan HTTP/1.1" 404 22 "-" "Mozilla/5.0 (iPhone; CPU iPhone OS 16_5 like Mac OS X) AppleWebKit/605.1.15 (KHTML, like Gecko) CriOS/114.0.5735.99 Mobile/15E148 Safari/604.1" "-"
34.182.4.152 - - [02/Oct/2025:13:11:07 +0000] "GET /banking HTTP/1.1" 404 22 "-" "Mozilla/5.0 (iPhone; CPU iPhone OS 16_5 like Mac OS X) AppleWebKit/605.1.15 (KHTML, like Gecko) CriOS/114.0.5735.99 Mobile/15E148 Safari/604.1" "-"
34.182.4.152 - - [02/Oct/2025:13:11:07 +0000] "GET /secure HTTP/1.1" 404 22 "-" "Mozilla/5.0 (iPhone; CPU iPhone OS 16_5 like Mac OS X) AppleWebKit/605.1.15 (KHTML, like Gecko) CriOS/114.0.5735.99 Mobile/15E148 Safari/604.1" "-"
34.182.4.152 - - [02/Oct/2025:13:11:07 +0000] "GET /savings HTTP/1.1" 404 22 "-" "Mozilla/5.0 (iPhone; CPU iPhone OS 16_5 like Mac OS X) AppleWebKit/605.1.15 (KHTML, like Gecko) CriOS/114.0.5735.99 Mobile/15E148 Safari/604.1" "-"
34.182.4.152 - - [02/Oct/2025:13:11:07 +0000] "GET /payment HTTP/1.1" 404 22 "-" "Mozilla/5.0 (iPhone; CPU iPhone OS 16_5 like Mac OS X) AppleWebKit/605.1.15 (KHTML, like Gecko) CriOS/114.0.5735.99 Mobile/15E148 Safari/604.1" "-"
34.182.4.152 - - [02/Oct/2025:13:11:07 +0000] "GET /transfer HTTP/1.1" 404 22 "-" "Mozilla/5.0 (iPhone; CPU iPhone OS 16_5 like Mac OS X) AppleWebKit/605.1.15 (KHTML, like Gecko) CriOS/114.0.5735.99 Mobile/15E148 Safari/604.1" "-"
34.182.4.152 - - [02/Oct/2025:13:11:07 +0000] "GET /www HTTP/1.1" 404 22 "-" "Mozilla/5.0 (iPhone; CPU iPhone OS 16_5 like Mac OS X) AppleWebKit/605.1.15 (KHTML, like Gecko) CriOS/114.0.5735.99 Mobile/15E148 Safari/604.1" "-"
34.182.4.152 - - [02/Oct/2025:13:11:07 +0000] "GET /root HTTP/1.1" 404 22 "-" "Mozilla/5.0 (iPhone; CPU iPhone OS 16_5 like Mac OS X) AppleWebKit/605.1.15 (KHTML, like Gecko) CriOS/114.0.5735.99 Mobile/15E148 Safari/604.1" "-"
34.182.4.152 - - [02/Oct/2025:13:11:07 +0000] "GET /support HTTP/1.1" 404 22 "-" "Mozilla/5.0 (iPhone; CPU iPhone OS 16_5 like Mac OS X) AppleWebKit/605.1.15 (KHTML, like Gecko) CriOS/114.0.5735.99 Mobile/15E148 Safari/604.1" "-"
34.182.4.152 - - [02/Oct/2025:13:11:07 +0000] "GET /authentication HTTP/1.1" 404 22 "-" "Mozilla/5.0 (iPhone; CPU iPhone OS 16_5 like Mac OS X) AppleWebKit/605.1.15 (KHTML, like Gecko) CriOS/114.0.5735.99 Mobile/15E148 Safari/604.1" "-"
34.182.4.152 - - [02/Oct/2025:13:11:07 +0000] "GET /apis HTTP/1.1" 503 197 "-" "Mozilla/5.0 (iPhone; CPU iPhone OS 16_5 like Mac OS X) AppleWebKit/605.1.15 (KHTML, like Gecko) CriOS/114.0.5735.99 Mobile/15E148 Safari/604.1" "-"
34.182.4.152 - - [02/Oct/2025:13:11:07 +0000] "GET /management HTTP/1.1" 503 197 "-" "Mozilla/5.0 (iPhone; CPU iPhone OS 16_5 like Mac OS X) AppleWebKit/605.1.15 (KHTML, like Gecko) CriOS/114.0.5735.99 Mobile/15E148 Safari/604.1" "-"
34.182.4.152 - - [02/Oct/2025:13:11:07 +0000] "GET /settings HTTP/1.1" 503 197 "-" "Mozilla/5.0 (iPhone; CPU iPhone OS 16_5 like Mac OS X) AppleWebKit/605.1.15 (KHTML, like Gecko) CriOS/114.0.5735.99 Mobile/15E148 Safari/604.1" "-"
34.182.4.152 - - [02/Oct/2025:13:11:07 +0000] "GET /activate HTTP/1.1" 503 197 "-" "Mozilla/5.0 (iPhone; CPU iPhone OS 16_5 like Mac OS X) AppleWebKit/605.1.15 (KHTML, like Gecko) CriOS/114.0.5735.99 Mobile/15E148 Safari/604.1" "-"
34.182.4.152 - - [02/Oct/2025:13:11:07 +0000] "GET /account HTTP/1.1" 404 22 "-" "Mozilla/5.0 (iPhone; CPU iPhone OS 16_5 like Mac OS X) AppleWebKit/605.1.15 (KHTML, like Gecko) CriOS/114.0.5735.99 Mobile/15E148 Safari/604.1" "-"
34.182.4.152 - - [02/Oct/2025:13:11:07 +0000] "GET /bank HTTP/1.1" 404 22 "-" "Mozilla/5.0 (iPhone; CPU iPhone OS 16_5 like Mac OS X) AppleWebKit/605.1.15 (KHTML, like Gecko) CriOS/114.0.5735.99 Mobile/15E148 Safari/604.1" "-"
34.182.4.152 - - [02/Oct/2025:13:11:07 +0000] "GET /manage HTTP/1.1" 404 22 "-" "Mozilla/5.0 (iPhone; CPU iPhone OS 16_5 like Mac OS X) AppleWebKit/605.1.15 (KHTML, like Gecko) CriOS/114.0.5735.99 Mobile/15E148 Safari/604.1" "-"
34.182.4.152 - - [02/Oct/2025:13:11:07 +0000] "GET /confirm HTTP/1.1" 404 22 "-" "Mozilla/5.0 (iPhone; CPU iPhone OS 16_5 like Mac OS X) AppleWebKit/605.1.15 (KHTML, like Gecko) CriOS/114.0.5735.99 Mobile/15E148 Safari/604.1" "-"
34.182.4.152 - - [02/Oct/2025:13:11:07 +0000] "GET /withdraw HTTP/1.1" 404 22 "-" "Mozilla/5.0 (iPhone; CPU iPhone OS 16_5 like Mac OS X) AppleWebKit/605.1.15 (KHTML, like Gecko) CriOS/114.0.5735.99 Mobile/15E148 Safari/604.1" "-"
34.182.4.152 - - [02/Oct/2025:13:11:07 +0000] "GET /help HTTP/1.1" 503 197 "-" "Mozilla/5.0 (iPhone; CPU iPhone OS 16_5 like Mac OS X) AppleWebKit/605.1.15 (KHTML, like Gecko) CriOS/114.0.5735.99 Mobile/15E148 Safari/604.1" "-"
34.182.4.152 - - [02/Oct/2025:13:11:07 +0000] "GET /clients HTTP/1.1" 503 197 "-" "Mozilla/5.0 (iPhone; CPU iPhone OS 16_5 like Mac OS X) AppleWebKit/605.1.15 (KHTML, like Gecko) CriOS/114.0.5735.99 Mobile/15E148 Safari/604.1" "-"
34.182.4.152 - - [02/Oct/2025:13:11:07 +0000] "GET /verification HTTP/1.1" 503 197 "-" "Mozilla/5.0 (iPhone; CPU iPhone OS 16_5 like Mac OS X) AppleWebKit/605.1.15 (KHTML, like Gecko) CriOS/114.0.5735.99 Mobile/15E148 Safari/604.1" "-"
34.182.4.152 - - [02/Oct/2025:13:11:07 +0000] "GET /statement HTTP/1.1" 503 197 "-" "Mozilla/5.0 (iPhone; CPU iPhone OS 16_5 like Mac OS X) AppleWebKit/605.1.15 (KHTML, like Gecko) CriOS/114.0.5735.99 Mobile/15E148 Safari/604.1" "-"
34.182.4.152 - - [02/Oct/2025:13:11:07 +0000] "GET /data HTTP/1.1" 503 197 "-" "Mozilla/5.0 (iPhone; CPU iPhone OS 16_5 like Mac OS X) AppleWebKit/605.1.15 (KHTML, like Gecko) CriOS/114.0.5735.99 Mobile/15E148 Safari/604.1" "-"
34.182.4.152 - - [02/Oct/2025:13:11:07 +0000] "GET /order HTTP/1.1" 503 197 "-" "Mozilla/5.0 (iPhone; CPU iPhone OS 16_5 like Mac OS X) AppleWebKit/605.1.15 (KHTML, like Gecko) CriOS/114.0.5735.99 Mobile/15E148 Safari/604.1" "-"
34.182.4.152 - - [02/Oct/2025:13:11:07 +0000] "GET /deposit HTTP/1.1" 503 197 "-" "Mozilla/5.0 (iPhone; CPU iPhone OS 16_5 like Mac OS X) AppleWebKit/605.1.15 (KHTML, like Gecko) CriOS/114.0.5735.99 Mobile/15E148 Safari/604.1" "-"
34.182.4.152 - - [02/Oct/2025:13:11:07 +0000] "GET /authorize HTTP/1.1" 503 197 "-" "Mozilla/5.0 (iPhone; CPU iPhone OS 16_5 like Mac OS X) AppleWebKit/605.1.15 (KHTML, like Gecko) CriOS/114.0.5735.99 Mobile/15E148 Safari/604.1" "-"
34.182.4.152 - - [02/Oct/2025:13:11:07 +0000] "GET /administrator HTTP/1.1" 503 197 "-" "Mozilla/5.0 (iPhone; CPU iPhone OS 16_5 like Mac OS X) AppleWebKit/605.1.15 (KHTML, like Gecko) CriOS/114.0.5735.99 Mobile/15E148 Safari/604.1" "-"
34.182.4.152 - - [02/Oct/2025:13:11:07 +0000] "GET /archives HTTP/1.1" 503 197 "-" "Mozilla/5.0 (iPhone; CPU iPhone OS 16_5 like Mac OS X) AppleWebKit/605.1.15 (KHTML, like Gecko) CriOS/114.0.5735.99 Mobile/15E148 Safari/604.1" "-"
34.182.4.152 - - [02/Oct/2025:13:11:07 +0000] "GET /netbanking HTTP/1.1" 503 197 "-" "Mozilla/5.0 (iPhone; CPU iPhone OS 16_5 like Mac OS X) AppleWebKit/605.1.15 (KHTML, like Gecko) CriOS/114.0.5735.99 Mobile/15E148 Safari/604.1" "-"
34.182.4.152 - - [02/Oct/2025:13:11:07 +0000] "GET /private-data HTTP/1.1" 503 197 "-" "Mozilla/5.0 (iPhone; CPU iPhone OS 16_5 like Mac OS X) AppleWebKit/605.1.15 (KHTML, like Gecko) CriOS/114.0.5735.99 Mobile/15E148 Safari/604.1" "-"
34.182.4.152 - - [02/Oct/2025:13:11:07 +0000] "GET /upload HTTP/1.1" 503 197 "-" "Mozilla/5.0 (iPhone; CPU iPhone OS 16_5 like Mac OS X) AppleWebKit/605.1.15 (KHTML, like Gecko) CriOS/114.0.5735.99 Mobile/15E148 Safari/604.1" "-"
34.182.4.152 - - [02/Oct/2025:13:11:07 +0000] "GET /signin HTTP/1.1" 503 197 "-" "Mozilla/5.0 (iPhone; CPU iPhone OS 16_5 like Mac OS X) AppleWebKit/605.1.15 (KHTML, like Gecko) CriOS/114.0.5735.99 Mobile/15E148 Safari/604.1" "-"
34.182.4.152 - - [02/Oct/2025:13:11:07 +0000] "GET /update HTTP/1.1" 503 197 "-" "Mozilla/5.0 (iPhone; CPU iPhone OS 16_5 like Mac OS X) AppleWebKit/605.1.15 (KHTML, like Gecko) CriOS/114.0.5735.99 Mobile/15E148 Safari/604.1" "-"
34.182.4.152 - - [02/Oct/2025:13:11:07 +0000] "GET /invoices HTTP/1.1" 503 197 "-" "Mozilla/5.0 (iPhone; CPU iPhone OS 16_5 like Mac OS X) AppleWebKit/605.1.15 (KHTML, like Gecko) CriOS/114.0.5735.99 Mobile/15E148 Safari/604.1" "-"
34.182.4.152 - - [02/Oct/2025:13:11:07 +0000] "GET /india HTTP/1.1" 503 197 "-" "Mozilla/5.0 (iPhone; CPU iPhone OS 16_5 like Mac OS X) AppleWebKit/605.1.15 (KHTML, like Gecko) CriOS/114.0.5735.99 Mobile/15E148 Safari/604.1" "-"
34.182.4.152 - - [02/Oct/2025:13:11:07 +0000] "GET /config HTTP/1.1" 503 197 "-" "Mozilla/5.0 (iPhone; CPU iPhone OS 16_5 like Mac OS X) AppleWebKit/605.1.15 (KHTML, like Gecko) CriOS/114.0.5735.99 Mobile/15E148 Safari/604.1" "-"
34.182.4.152 - - [02/Oct/2025:13:11:07 +0000] "GET /reward HTTP/1.1" 503 197 "-" "Mozilla/5.0 (iPhone; CPU iPhone OS 16_5 like Mac OS X) AppleWebKit/605.1.15 (KHTML, like Gecko) CriOS/114.0.5735.99 Mobile/15E148 Safari/604.1" "-"
34.182.4.152 - - [02/Oct/2025:13:11:07 +0000] "GET /ebanking HTTP/1.1" 503 197 "-" "Mozilla/5.0 (iPhone; CPU iPhone OS 16_5 like Mac OS X) AppleWebKit/605.1.15 (KHTML, like Gecko) CriOS/114.0.5735.99 Mobile/15E148 Safari/604.1" "-"
34.182.4.152 - - [02/Oct/2025:13:11:07 +0000] "GET /system HTTP/1.1" 503 197 "-" "Mozilla/5.0 (iPhone; CPU iPhone OS 16_5 like Mac OS X) AppleWebKit/605.1.15 (KHTML, like Gecko) CriOS/114.0.5735.99 Mobile/15E148 Safari/604.1" "-"
34.182.4.152 - - [02/Oct/2025:13:11:07 +0000] "GET /users HTTP/1.1" 503 197 "-" "Mozilla/5.0 (iPhone; CPU iPhone OS 16_5 like Mac OS X) AppleWebKit/605.1.15 (KHTML, like Gecko) CriOS/114.0.5735.99 Mobile/15E148 Safari/604.1" "-"
34.182.4.152 - - [02/Oct/2025:13:11:07 +0000] "GET /security HTTP/1.1" 503 197 "-" "Mozilla/5.0 (iPhone; CPU iPhone OS 16_5 like Mac OS X) AppleWebKit/605.1.15 (KHTML, like Gecko) CriOS/114.0.5735.99 Mobile/15E148 Safari/604.1" "-"
